2026-09-26T21:05:55Z
c0a397ea29661a171a3030ba4a48cb3a03962780
### lean redesign (maos-exec-deps leaf crate, sandbox: SandboxSpec, exact-T3 floor, 4 seccomp additions)
+ cargo test --locked -p maos-wasm-host --test t2_sandbox_kill -- --nocapture
cat: /tmp/.tmpYsYC6D/secret.txt: Permission denied
test result: ok. 3 passed; 0 failed; 0 ignored; 0 measured; 0 filtered out; finished in 0.16s
+ cargo test --locked -p maos-kernel-core --test sandbox_enforcement_linux -- --nocapture
sh: 0: getcwd() failed: Operation not permitted
.sh: 0: getcwd() failed: Operation not permitted
test result: ok. 4 passed; 0 failed; 0 ignored; 0 measured; 0 filtered out; finished in 0.00s
+ cargo test --locked -p maos-kernel-core --test cli_wrapper_bridge_8_12 -- --nocapture
test result: ok. 9 passed; 0 failed; 0 ignored; 0 measured; 0 filtered out; finished in 0.01s
+ cargo test --locked -p worker --test cli_wrapper_admission -- --nocapture
test result: ok. 7 passed; 0 failed; 0 ignored; 0 measured; 0 filtered out; finished in 0.30s
+ cargo test --locked -p maos-kernel-core --lib cli_wrapper -- --nocapture
test result: ok. 23 passed; 0 failed; 0 ignored; 0 measured; 240 filtered out; finished in 0.10s
+ cargo test -p maos-escape-detector
test result: ok. 5 passed; 0 failed; 0 ignored; 0 measured; 0 filtered out; finished in 0.00s
test result: ok. 1 passed; 0 failed; 0 ignored; 0 measured; 0 filtered out; finished in 0.12s
ESCAPE-DETECTOR-QUALITY-MEASURED tp_rate=1.000 fp_rate=0.000 tp_kills=3 fp_cases=1
ESCAPE-DETECTOR-QUALITY-MEASURED tp_rate=1.000 fp_rate=0.000 tp_kills=2 fp_cases=2
test result: ok. 2 passed; 0 failed; 0 ignored; 0 measured; 0 filtered out; finished in 0.56s
test result: ok. 2 passed; 0 failed; 0 ignored; 0 measured; 0 filtered out; finished in 0.00s
ESCAPE-PRODUCER-WIRED-MEASURED frame=01a0df8a4b29e2a2fc89cb736afe28ad
test result: ok. 1 passed; 0 failed; 0 ignored; 0 measured; 0 filtered out; finished in 0.23s
test result: ok. 4 passed; 0 failed; 0 ignored; 0 measured; 0 filtered out; finished in 0.32s
test result: ok. 0 passed; 0 failed; 0 ignored; 0 measured; 0 filtered out; finished in 0.00s

### measurements
check-kernel-baseline: maos-kernel-core/src is 25003 lines, pinned 24920 (+83); changed (4): lifecycle/cli_wrapper/admission.rs, lifecycle/cli_wrapper/runtime.rs, security/sandbox/linux.rs, security/sandbox/mod.rs
tokei 14.0.0 code: linux.rs 302->328 (+26), sandbox/mod.rs 168->172 (+4), runtime.rs 854->895 (+41), admission.rs 241->241 (0) = +71; maos-exec-deps (new) 243; maos-bin worker_spawn.rs +7; xtask check_skill_conformance.rs +3; maos-bench j1.rs +3
Cargo.lock: +8 lines (new path package maos-exec-deps + one edge from maos-kernel-core; no external version change)
