# Story 17-6 T8 run 3 (FINAL) — throwaway branch t8-17-6 @ 081dd5cd = the final kernel (incl. the operator-approved 2026-09-28 prctl(PR_GET_AUXV)-only grant delta), four images, every step `if: always()`, seven plants.
# Reading: AC1/AC4/AC5 steps GREEN with zero SKIP on all four images. Plants: all RED + warning-free, except `drop-prctl-auxv` on the two 24.04 images, where `/bin/cat` is GNU coreutils 9.4 and nothing reads auxv via prctl — the plant has nothing to catch there (it is RED on both 26.04 images, where `/bin/cat` is uutils 0.8.0). That uncaught-plant ::error is the ONLY reason the two 24.04 jobs read `failure`.
# run 36425906424 — https://github.com/lunarpulse/maos/actions/runs/36425906424
# fetched unauthenticated: GET /repos/lunarpulse/maos/actions/runs/<run>/jobs and /check-runs/<job>/annotations

== job 108939675116 t2 (ubuntu-24.04-arm) conclusion=failure head_sha=081dd5cd
   step FAILED: Planted faults (RT-10) — each one RED, warning-free (failure)
  [failure]  :: Process completed with exit code 1.
  [notice] T8 plant bridge-T2-routed-bare (ubuntu-24.04-arm) :: build rc=0 new-warnings=none; suite rc=101 (RED); T0: Exited { code: 0 } | T1: SandboxRefused(..) | T4: SandboxRefused(..) | T2: Exited { code: 0 } | T3: Exited { code: 0 }
  [failure] T8 plant drop-prctl-auxv (ubuntu-24.04-arm) :: build rc=0 new-warnings=none; suite rc=0 (GREEN — PLANT NOT CAUGHT); benign_process_survives_t2_under_same_spec: exit status: 0 | benign_rust_probe_survives_t2_under_same_spec: exit status: 0 | forbidden_syscall_killed_by_t2_with_sigsys: signal: 31 (SIGSYS) (core dumped) | granted_fs_capability_works_ungranted_is_refused/granted: exit status: 0 | granted_fs_capability_works_ungranted_is_refused/ungranted: exit status: 1
  [notice] T8 plant drop-clone3 (ubuntu-24.04-arm) :: build rc=0 new-warnings=none; suite rc=101 (RED); benign_process_survives_t2_under_same_spec: exit status: 0 | benign_rust_probe_survives_t2_under_same_spec: exit status: 101 | forbidden_syscall_killed_by_t2_with_sigsys: signal: 31 (SIGSYS) (core dumped) | granted_fs_capability_works_ungranted_is_refused/granted: exit status: 0 | granted_fs_capability_works_ungranted_is_refused/ungranted: exit status: 1
  [notice] T8 plant drop-rt_sigaction (ubuntu-24.04-arm) :: build rc=0 new-warnings=none; suite rc=101 (RED); benign_process_survives_t2_under_same_spec: exit status: 0 | benign_rust_probe_survives_t2_under_same_spec: signal: 5 (SIGTRAP) (core dumped) | forbidden_syscall_killed_by_t2_with_sigsys: signal: 5 (SIGTRAP) (core dumped) | granted_fs_capability_works_ungranted_is_refused/granted: exit status: 0 | granted_fs_capability_works_ungranted_is_refused/ungranted: exit status: 1
  [notice] T8 plant drop-ppoll (ubuntu-24.04-arm) :: build rc=0 new-warnings=none; suite rc=101 (RED); benign_process_survives_t2_under_same_spec: exit status: 0 | benign_rust_probe_survives_t2_under_same_spec: signal: 5 (SIGTRAP) (core dumped) | forbidden_syscall_killed_by_t2_with_sigsys: signal: 5 (SIGTRAP) (core dumped) | granted_fs_capability_works_ungranted_is_refused/granted: exit status: 0 | granted_fs_capability_works_ungranted_is_refused/ungranted: exit status: 1
  [notice] T8 plant no-exec-set-grant (ubuntu-24.04-arm) :: build rc=0 new-warnings=none; suite rc=101 (RED); 
  [notice] T8 plant verbatim-order (ubuntu-24.04-arm) :: build rc=0 new-warnings=none; suite rc=101 (RED); 
  [notice] Escape detector (ubuntu-24.04-arm) :: rc=0 ESCAPE-DETECTOR-QUALITY-MEASURED tp_rate=1.000 fp_rate=0.000 tp_kills=3 fp_cases=1;ESCAPE-DETECTOR-QUALITY-MEASURED tp_rate=1.000 fp_rate=0.000 tp_kills=2 fp_cases=2;ESCAPE-PRODUCER-WIRED-MEASURED frame=01
  [notice] Kernel T2 suites (ubuntu-24.04-arm) :: rc=0 test result: ok. 4 passed; 0 failed; 0 ignored; 0 measured; 0 filtered out; finished in 0.29s test result: ok. 4 passed; 0 failed; 0 ignored; 0 measured; 0 filtered out; finished in 0.00s
  [notice] Bridge T2 route (ubuntu-24.04-arm) :: T0: Exited { code: 0 };T1: SandboxRefused;T2: Signaled { signal: 31 };T3: Exited { code: 0 };T4: SandboxRefused
  [notice] T2 exit line 3 (ubuntu-24.04-arm) :: rc=0 test result: ok. 4 passed; 0 failed; 0 ignored; 0 measured; 0 filtered out; finished in 0.07s
  [notice] T2 exit line 3 (ubuntu-24.04-arm) :: forbidden_syscall_killed_by_t2_with_sigsys: signal: 31 (SIGSYS) (core dumped)
  [notice] T2 exit line 3 (ubuntu-24.04-arm) :: granted_fs_capability_works_ungranted_is_refused/ungranted: exit status: 1
  [notice] T2 exit line 3 (ubuntu-24.04-arm) :: granted_fs_capability_works_ungranted_is_refused/granted: exit status: 0
  [notice] T2 exit line 3 (ubuntu-24.04-arm) :: benign_process_survives_t2_under_same_spec: exit status: 0
  [notice] T2 exit line 3 (ubuntu-24.04-arm) :: benign_rust_probe_survives_t2_under_same_spec: exit status: 0
  [notice] Image facts (ubuntu-24.04-arm) :: 6.17.0-1022-azure; cat=/usr/bin/cat; true=/usr/bin/true; sh=/usr/bin/dash; cat (GNU coreutils) 9.4; pkg=coreutils: /usr/bin/cat; gnu=; coreutils=coreutils=9.4-3ubuntu6.3

== job 108939675320 t2 (ubuntu-26.04) conclusion=success head_sha=081dd5cd
  [notice] T8 plant bridge-T2-routed-bare (ubuntu-26.04) :: build rc=0 new-warnings=none; suite rc=101 (RED); T0: Exited { code: 0 } | T1: SandboxRefused(..) | T4: SandboxRefused(..) | T2: Exited { code: 0 } | T3: Exited { code: 0 }
  [notice] T8 plant drop-prctl-auxv (ubuntu-26.04) :: build rc=0 new-warnings=none; suite rc=101 (RED); benign_process_survives_t2_under_same_spec: exit status: 0 | benign_rust_probe_survives_t2_under_same_spec: exit status: 0 | forbidden_syscall_killed_by_t2_with_sigsys: signal: 31 (SIGSYS) (core dumped) | granted_fs_capability_works_ungranted_is_refused/granted: signal: 11 (SIGSEGV) (core dumped)
  [notice] T8 plant drop-clone3 (ubuntu-26.04) :: build rc=0 new-warnings=none; suite rc=101 (RED); benign_process_survives_t2_under_same_spec: exit status: 0 | benign_rust_probe_survives_t2_under_same_spec: exit status: 101 | forbidden_syscall_killed_by_t2_with_sigsys: signal: 31 (SIGSYS) (core dumped) | granted_fs_capability_works_ungranted_is_refused/granted: exit status: 0 | granted_fs_capability_works_ungranted_is_refused/ungranted: exit status: 1
  [notice] T8 plant drop-rt_sigaction (ubuntu-26.04) :: build rc=0 new-warnings=none; suite rc=101 (RED); benign_process_survives_t2_under_same_spec: exit status: 0 | benign_rust_probe_survives_t2_under_same_spec: signal: 11 (SIGSEGV) (core dumped) | forbidden_syscall_killed_by_t2_with_sigsys: signal: 11 (SIGSEGV) (core dumped) | granted_fs_capability_works_ungranted_is_refused/granted: signal: 11 (SIGSEGV) (core dumped)
  [notice] T8 plant drop-poll (ubuntu-26.04) :: build rc=0 new-warnings=none; suite rc=101 (RED); benign_process_survives_t2_under_same_spec: exit status: 0 | benign_rust_probe_survives_t2_under_same_spec: signal: 11 (SIGSEGV) (core dumped) | forbidden_syscall_killed_by_t2_with_sigsys: signal: 11 (SIGSEGV) (core dumped) | granted_fs_capability_works_ungranted_is_refused/granted: signal: 11 (SIGSEGV) (core dumped)
  [notice] T8 plant no-exec-set-grant (ubuntu-26.04) :: build rc=0 new-warnings=none; suite rc=101 (RED); 
  [notice] T8 plant verbatim-order (ubuntu-26.04) :: build rc=0 new-warnings=none; suite rc=101 (RED); 
  [notice] Escape detector (ubuntu-26.04) :: rc=0 ESCAPE-DETECTOR-QUALITY-MEASURED tp_rate=1.000 fp_rate=0.000 tp_kills=3 fp_cases=1;ESCAPE-DETECTOR-QUALITY-MEASURED tp_rate=1.000 fp_rate=0.000 tp_kills=2 fp_cases=2;ESCAPE-PRODUCER-WIRED-MEASURED frame=01
  [notice] Kernel T2 suites (ubuntu-26.04) :: rc=0 test result: ok. 4 passed; 0 failed; 0 ignored; 0 measured; 0 filtered out; finished in 0.22s test result: ok. 4 passed; 0 failed; 0 ignored; 0 measured; 0 filtered out; finished in 0.00s
  [notice] Bridge T2 route (ubuntu-26.04) :: T0: Exited { code: 0 };T1: SandboxRefused;T2: Signaled { signal: 31 };T3: Exited { code: 0 };T4: SandboxRefused
  [notice] T2 exit line 3 (ubuntu-26.04) :: rc=0 test result: ok. 4 passed; 0 failed; 0 ignored; 0 measured; 0 filtered out; finished in 0.08s
  [notice] T2 exit line 3 (ubuntu-26.04) :: forbidden_syscall_killed_by_t2_with_sigsys: signal: 31 (SIGSYS) (core dumped)
  [notice] T2 exit line 3 (ubuntu-26.04) :: granted_fs_capability_works_ungranted_is_refused/ungranted: exit status: 1
  [notice] T2 exit line 3 (ubuntu-26.04) :: benign_rust_probe_survives_t2_under_same_spec: exit status: 0
  [notice] T2 exit line 3 (ubuntu-26.04) :: granted_fs_capability_works_ungranted_is_refused/granted: exit status: 0
  [notice] T2 exit line 3 (ubuntu-26.04) :: benign_process_survives_t2_under_same_spec: exit status: 0
  [notice] Image facts (ubuntu-26.04) :: 7.0.0-1012-azure; cat=/usr/lib/cargo/bin/coreutils/cat; true=/usr/bin/gnutrue; sh=/usr/bin/dash; cat (uutils coreutils) 0.8.0; pkg=rust-coreutils: /usr/lib/cargo/bin/coreutils/cat; gnu=/usr/bin/gnu[,/usr/bin/gnuarch,/usr/bin/gnub2sum,/usr/bin/gnubase32,/usr/bin/gnubase64; coreutils=coreutils=9.5-1ubuntu2+0.0.0~ubuntu25,coreutils-from-uutils=0.0.0~ubuntu25,gnu-coreutils=9.7-3ubuntu2.1,rust-coreutils=0.8.0-0ubuntu3

== job 108939675397 t2 (ubuntu-24.04) conclusion=failure head_sha=081dd5cd
   step FAILED: Planted faults (RT-10) — each one RED, warning-free (failure)
  [failure]  :: Process completed with exit code 1.
  [notice] T8 plant bridge-T2-routed-bare (ubuntu-24.04) :: build rc=0 new-warnings=none; suite rc=101 (RED); T0: Exited { code: 0 } | T1: SandboxRefused(..) | T4: SandboxRefused(..) | T2: Exited { code: 0 } | T3: Exited { code: 0 }
  [failure] T8 plant drop-prctl-auxv (ubuntu-24.04) :: build rc=0 new-warnings=none; suite rc=0 (GREEN — PLANT NOT CAUGHT); benign_process_survives_t2_under_same_spec: exit status: 0 | benign_rust_probe_survives_t2_under_same_spec: exit status: 0 | forbidden_syscall_killed_by_t2_with_sigsys: signal: 31 (SIGSYS) (core dumped) | granted_fs_capability_works_ungranted_is_refused/granted: exit status: 0 | granted_fs_capability_works_ungranted_is_refused/ungranted: exit status: 1
  [notice] T8 plant drop-clone3 (ubuntu-24.04) :: build rc=0 new-warnings=none; suite rc=101 (RED); benign_process_survives_t2_under_same_spec: exit status: 0 | benign_rust_probe_survives_t2_under_same_spec: exit status: 101 | forbidden_syscall_killed_by_t2_with_sigsys: signal: 31 (SIGSYS) (core dumped) | granted_fs_capability_works_ungranted_is_refused/granted: exit status: 0 | granted_fs_capability_works_ungranted_is_refused/ungranted: exit status: 1
  [notice] T8 plant drop-rt_sigaction (ubuntu-24.04) :: build rc=0 new-warnings=none; suite rc=101 (RED); benign_process_survives_t2_under_same_spec: exit status: 0 | benign_rust_probe_survives_t2_under_same_spec: signal: 11 (SIGSEGV) (core dumped) | forbidden_syscall_killed_by_t2_with_sigsys: signal: 11 (SIGSEGV) (core dumped) | granted_fs_capability_works_ungranted_is_refused/granted: exit status: 0 | granted_fs_capability_works_ungranted_is_refused/ungranted: exit status: 1
  [notice] T8 plant drop-poll (ubuntu-24.04) :: build rc=0 new-warnings=none; suite rc=101 (RED); benign_process_survives_t2_under_same_spec: exit status: 0 | benign_rust_probe_survives_t2_under_same_spec: signal: 11 (SIGSEGV) (core dumped) | forbidden_syscall_killed_by_t2_with_sigsys: signal: 11 (SIGSEGV) (core dumped) | granted_fs_capability_works_ungranted_is_refused/granted: exit status: 0 | granted_fs_capability_works_ungranted_is_refused/ungranted: exit status: 1
  [notice] T8 plant no-exec-set-grant (ubuntu-24.04) :: build rc=0 new-warnings=none; suite rc=101 (RED); 
  [notice] T8 plant verbatim-order (ubuntu-24.04) :: build rc=0 new-warnings=none; suite rc=101 (RED); 
  [notice] Escape detector (ubuntu-24.04) :: rc=0 ESCAPE-DETECTOR-QUALITY-MEASURED tp_rate=1.000 fp_rate=0.000 tp_kills=3 fp_cases=1;ESCAPE-DETECTOR-QUALITY-MEASURED tp_rate=1.000 fp_rate=0.000 tp_kills=2 fp_cases=2;ESCAPE-PRODUCER-WIRED-MEASURED frame=01
  [notice] Kernel T2 suites (ubuntu-24.04) :: rc=0 test result: ok. 4 passed; 0 failed; 0 ignored; 0 measured; 0 filtered out; finished in 0.08s test result: ok. 4 passed; 0 failed; 0 ignored; 0 measured; 0 filtered out; finished in 0.01s
  [notice] Bridge T2 route (ubuntu-24.04) :: T0: Exited { code: 0 };T1: SandboxRefused;T2: Signaled { signal: 31 };T3: Exited { code: 0 };T4: SandboxRefused
  [notice] T2 exit line 3 (ubuntu-24.04) :: rc=0 test result: ok. 4 passed; 0 failed; 0 ignored; 0 measured; 0 filtered out; finished in 0.08s
  [notice] T2 exit line 3 (ubuntu-24.04) :: forbidden_syscall_killed_by_t2_with_sigsys: signal: 31 (SIGSYS) (core dumped)
  [notice] T2 exit line 3 (ubuntu-24.04) :: granted_fs_capability_works_ungranted_is_refused/ungranted: exit status: 1
  [notice] T2 exit line 3 (ubuntu-24.04) :: granted_fs_capability_works_ungranted_is_refused/granted: exit status: 0
  [notice] T2 exit line 3 (ubuntu-24.04) :: benign_rust_probe_survives_t2_under_same_spec: exit status: 0
  [notice] T2 exit line 3 (ubuntu-24.04) :: benign_process_survives_t2_under_same_spec: exit status: 0
  [notice] Image facts (ubuntu-24.04) :: 6.17.0-1022-azure; cat=/usr/bin/cat; true=/usr/bin/true; sh=/usr/bin/dash; cat (GNU coreutils) 9.4; pkg=coreutils: /usr/bin/cat; gnu=; coreutils=coreutils=9.4-3ubuntu6.3

== job 108939675560 t2 (ubuntu-26.04-arm) conclusion=success head_sha=081dd5cd
  [notice] T8 plant bridge-T2-routed-bare (ubuntu-26.04-arm) :: build rc=0 new-warnings=none; suite rc=101 (RED); T0: Exited { code: 0 } | T1: SandboxRefused(..) | T4: SandboxRefused(..) | T2: Exited { code: 0 } | T3: Exited { code: 0 }
  [notice] T8 plant drop-prctl-auxv (ubuntu-26.04-arm) :: build rc=0 new-warnings=none; suite rc=101 (RED); benign_process_survives_t2_under_same_spec: exit status: 0 | benign_rust_probe_survives_t2_under_same_spec: exit status: 0 | forbidden_syscall_killed_by_t2_with_sigsys: signal: 31 (SIGSYS) (core dumped) | granted_fs_capability_works_ungranted_is_refused/granted: signal: 5 (SIGTRAP) (core dumped)
  [notice] T8 plant drop-clone3 (ubuntu-26.04-arm) :: build rc=0 new-warnings=none; suite rc=101 (RED); benign_process_survives_t2_under_same_spec: exit status: 0 | benign_rust_probe_survives_t2_under_same_spec: exit status: 101 | forbidden_syscall_killed_by_t2_with_sigsys: signal: 31 (SIGSYS) (core dumped) | granted_fs_capability_works_ungranted_is_refused/granted: exit status: 0 | granted_fs_capability_works_ungranted_is_refused/ungranted: exit status: 1
  [notice] T8 plant drop-rt_sigaction (ubuntu-26.04-arm) :: build rc=0 new-warnings=none; suite rc=101 (RED); benign_process_survives_t2_under_same_spec: exit status: 0 | benign_rust_probe_survives_t2_under_same_spec: signal: 5 (SIGTRAP) (core dumped) | forbidden_syscall_killed_by_t2_with_sigsys: signal: 5 (SIGTRAP) (core dumped) | granted_fs_capability_works_ungranted_is_refused/granted: signal: 5 (SIGTRAP) (core dumped)
  [notice] T8 plant drop-ppoll (ubuntu-26.04-arm) :: build rc=0 new-warnings=none; suite rc=101 (RED); benign_process_survives_t2_under_same_spec: exit status: 0 | benign_rust_probe_survives_t2_under_same_spec: signal: 5 (SIGTRAP) (core dumped) | forbidden_syscall_killed_by_t2_with_sigsys: signal: 5 (SIGTRAP) (core dumped) | granted_fs_capability_works_ungranted_is_refused/granted: signal: 5 (SIGTRAP) (core dumped)
  [notice] T8 plant no-exec-set-grant (ubuntu-26.04-arm) :: build rc=0 new-warnings=none; suite rc=101 (RED); 
  [notice] T8 plant verbatim-order (ubuntu-26.04-arm) :: build rc=0 new-warnings=none; suite rc=101 (RED); 
  [notice] Escape detector (ubuntu-26.04-arm) :: rc=0 ESCAPE-DETECTOR-QUALITY-MEASURED tp_rate=1.000 fp_rate=0.000 tp_kills=3 fp_cases=1;ESCAPE-DETECTOR-QUALITY-MEASURED tp_rate=1.000 fp_rate=0.000 tp_kills=2 fp_cases=2;ESCAPE-PRODUCER-WIRED-MEASURED frame=01
  [notice] Kernel T2 suites (ubuntu-26.04-arm) :: rc=0 test result: ok. 4 passed; 0 failed; 0 ignored; 0 measured; 0 filtered out; finished in 0.06s test result: ok. 4 passed; 0 failed; 0 ignored; 0 measured; 0 filtered out; finished in 0.00s
  [notice] Bridge T2 route (ubuntu-26.04-arm) :: T0: Exited { code: 0 };T1: SandboxRefused;T2: Signaled { signal: 31 };T3: Exited { code: 0 };T4: SandboxRefused
  [notice] T2 exit line 3 (ubuntu-26.04-arm) :: rc=0 test result: ok. 4 passed; 0 failed; 0 ignored; 0 measured; 0 filtered out; finished in 0.07s
  [notice] T2 exit line 3 (ubuntu-26.04-arm) :: forbidden_syscall_killed_by_t2_with_sigsys: signal: 31 (SIGSYS) (core dumped)
  [notice] T2 exit line 3 (ubuntu-26.04-arm) :: granted_fs_capability_works_ungranted_is_refused/ungranted: exit status: 1
  [notice] T2 exit line 3 (ubuntu-26.04-arm) :: granted_fs_capability_works_ungranted_is_refused/granted: exit status: 0
  [notice] T2 exit line 3 (ubuntu-26.04-arm) :: benign_rust_probe_survives_t2_under_same_spec: exit status: 0
  [notice] T2 exit line 3 (ubuntu-26.04-arm) :: benign_process_survives_t2_under_same_spec: exit status: 0
  [notice] Image facts (ubuntu-26.04-arm) :: 7.0.0-1012-azure; cat=/usr/lib/cargo/bin/coreutils/cat; true=/usr/bin/gnutrue; sh=/usr/bin/dash; cat (uutils coreutils) 0.8.0; pkg=rust-coreutils: /usr/lib/cargo/bin/coreutils/cat; gnu=/usr/bin/gnu[,/usr/bin/gnuarch,/usr/bin/gnub2sum,/usr/bin/gnubase32,/usr/bin/gnubase64; coreutils=coreutils=9.5-1ubuntu2+0.0.0~ubuntu25,coreutils-from-uutils=0.0.0~ubuntu25,gnu-coreutils=9.7-3ubuntu2.1,rust-coreutils=0.8.0-0ubuntu3

