UTC: 2026-09-26T00:25:50.387Z
$ git rev-parse HEAD
92911f59da6a75a7745a23ec05036d18116f68af
E15-A6: This probe recompiles the out-of-workspace driver against live path dependencies with its resolved lockfile; it does not only inspect files it set itself.
$ cargo build --locked --offline --manifest-path spikes/story-17-3a-wasm-recall/q1-driver/Cargo.toml
warning: use of `async fn` in public traits is discouraged as auto trait bounds cannot be specified
  --> /home/lunarpulse/dev_ws/crates/maos-domain/src/ports/iac_bus.rs:44:5
   |
44 |     async fn deliver(&self, frame: IacFrame) -> Result<LogBeforeDeliver<()>, IacBusError>;
   |     ^^^^^
   |
   = note: you can suppress this lint if you plan to use the trait only in your own code, or do not care about auto traits like `Send` on the `Future`
   = note: `#[warn(async_fn_in_trait)]` on by default
help: you can alternatively desugar to a normal `fn` that returns `impl Future` and add any desired bounds such as `Send`, but these cannot be relaxed without a breaking API change
   |
44 -     async fn deliver(&self, frame: IacFrame) -> Result<LogBeforeDeliver<()>, IacBusError>;
44 +     fn deliver(&self, frame: IacFrame) -> impl std::future::Future<Output = Result<LogBeforeDeliver<()>, IacBusError>> + Send;
   |

warning: use of `async fn` in public traits is discouraged as auto trait bounds cannot be specified
  --> /home/lunarpulse/dev_ws/crates/maos-domain/src/ports/iac_bus.rs:58:5
   |
58 |     async fn retract(
   |     ^^^^^
   |
   = note: you can suppress this lint if you plan to use the trait only in your own code, or do not care about auto traits like `Send` on the `Future`
help: you can alternatively desugar to a normal `fn` that returns `impl Future` and add any desired bounds such as `Send`, but these cannot be relaxed without a breaking API change
   |
58 ~     fn retract(
59 |         &self,
...
62 |         retracting_spirit: &SpiritId,
63 ~     ) -> impl std::future::Future<Output = Result<RetractOutcome, IacBusError>> + Send;
   |

warning: `maos-domain` (lib) generated 2 warnings
   Compiling story-17-3a-q1-driver v0.1.0 (/home/lunarpulse/dev_ws/spikes/story-17-3a-wasm-recall/q1-driver)
    Finished `dev` profile [unoptimized + debuginfo] target(s) in 1.33s

[exit 0]
