UTC: 2026-09-26T00:30:32.862Z
$ git rev-parse HEAD
92911f59da6a75a7745a23ec05036d18116f68af
E15-A6: This probe runs the final component through the unmodified release runner for both EOF-after-on-start and one real ADR-032 frame; it observes live fuel exhaustion/success, not only files it set itself. Exit 3 is explicitly classified as fuel exhaustion during instantiation; exit 4 is explicitly classified as fuel exhaustion during a guest call.
$ target/release/maos-wasm-runner --component spikes/story-17-3a-wasm-recall/ts-guest/out/ts-spirit-node22.wasm --fuel 0 < /dev/null
[stdout]

[stderr]
maos-wasm-runner: InvalidComponent: component does not conform to maos:spirit@1.0 (instantiate failed): wasm trap: all fuel consumed by WebAssembly

classification=fuel-insufficient-at-instantiate
[exit 3]
$ target/release/maos-wasm-runner --component spikes/story-17-3a-wasm-recall/ts-guest/out/ts-spirit-node22.wasm --fuel 10000000 < /dev/null
[stdout]

[stderr]

classification=pass
[exit 0]
$ target/release/maos-wasm-runner --component spikes/story-17-3a-wasm-recall/ts-guest/out/ts-spirit-node22.wasm --fuel 5000000 < /dev/null
[stdout]

[stderr]

classification=pass
[exit 0]
$ target/release/maos-wasm-runner --component spikes/story-17-3a-wasm-recall/ts-guest/out/ts-spirit-node22.wasm --fuel 2500000 < /dev/null
[stdout]

[stderr]

classification=pass
[exit 0]
$ target/release/maos-wasm-runner --component spikes/story-17-3a-wasm-recall/ts-guest/out/ts-spirit-node22.wasm --fuel 1250000 < /dev/null
[stdout]

[stderr]

classification=pass
[exit 0]
$ target/release/maos-wasm-runner --component spikes/story-17-3a-wasm-recall/ts-guest/out/ts-spirit-node22.wasm --fuel 625000 < /dev/null
[stdout]

[stderr]

classification=pass
[exit 0]
$ target/release/maos-wasm-runner --component spikes/story-17-3a-wasm-recall/ts-guest/out/ts-spirit-node22.wasm --fuel 312500 < /dev/null
[stdout]

[stderr]

classification=pass
[exit 0]
$ target/release/maos-wasm-runner --component spikes/story-17-3a-wasm-recall/ts-guest/out/ts-spirit-node22.wasm --fuel 156250 < /dev/null
[stdout]

[stderr]
maos-wasm-runner: OutOfFuel

classification=fuel-insufficient-in-guest-call
[exit 4]
$ target/release/maos-wasm-runner --component spikes/story-17-3a-wasm-recall/ts-guest/out/ts-spirit-node22.wasm --fuel 234375 < /dev/null
[stdout]

[stderr]
maos-wasm-runner: OutOfFuel

classification=fuel-insufficient-in-guest-call
[exit 4]
$ target/release/maos-wasm-runner --component spikes/story-17-3a-wasm-recall/ts-guest/out/ts-spirit-node22.wasm --fuel 273437 < /dev/null
[stdout]

[stderr]
maos-wasm-runner: OutOfFuel

classification=fuel-insufficient-in-guest-call
[exit 4]
$ target/release/maos-wasm-runner --component spikes/story-17-3a-wasm-recall/ts-guest/out/ts-spirit-node22.wasm --fuel 292968 < /dev/null
[stdout]

[stderr]
maos-wasm-runner: OutOfFuel

classification=fuel-insufficient-in-guest-call
[exit 4]
$ target/release/maos-wasm-runner --component spikes/story-17-3a-wasm-recall/ts-guest/out/ts-spirit-node22.wasm --fuel 302734 < /dev/null
[stdout]

[stderr]
maos-wasm-runner: OutOfFuel

classification=fuel-insufficient-in-guest-call
[exit 4]
$ target/release/maos-wasm-runner --component spikes/story-17-3a-wasm-recall/ts-guest/out/ts-spirit-node22.wasm --fuel 307617 < /dev/null
[stdout]

[stderr]

classification=pass
[exit 0]
$ target/release/maos-wasm-runner --component spikes/story-17-3a-wasm-recall/ts-guest/out/ts-spirit-node22.wasm --fuel 305175 < /dev/null
[stdout]

[stderr]

classification=pass
[exit 0]
$ target/release/maos-wasm-runner --component spikes/story-17-3a-wasm-recall/ts-guest/out/ts-spirit-node22.wasm --fuel 303954 < /dev/null
[stdout]

[stderr]

classification=pass
[exit 0]
$ target/release/maos-wasm-runner --component spikes/story-17-3a-wasm-recall/ts-guest/out/ts-spirit-node22.wasm --fuel 303344 < /dev/null
[stdout]

[stderr]

classification=pass
[exit 0]
$ target/release/maos-wasm-runner --component spikes/story-17-3a-wasm-recall/ts-guest/out/ts-spirit-node22.wasm --fuel 303039 < /dev/null
[stdout]

[stderr]
maos-wasm-runner: OutOfFuel

classification=fuel-insufficient-in-guest-call
[exit 4]
$ target/release/maos-wasm-runner --component spikes/story-17-3a-wasm-recall/ts-guest/out/ts-spirit-node22.wasm --fuel 303191 < /dev/null
[stdout]

[stderr]

classification=pass
[exit 0]
$ target/release/maos-wasm-runner --component spikes/story-17-3a-wasm-recall/ts-guest/out/ts-spirit-node22.wasm --fuel 303115 < /dev/null
[stdout]

[stderr]
maos-wasm-runner: OutOfFuel

classification=fuel-insufficient-in-guest-call
[exit 4]
$ target/release/maos-wasm-runner --component spikes/story-17-3a-wasm-recall/ts-guest/out/ts-spirit-node22.wasm --fuel 303153 < /dev/null
[stdout]

[stderr]
maos-wasm-runner: OutOfFuel

classification=fuel-insufficient-in-guest-call
[exit 4]
$ target/release/maos-wasm-runner --component spikes/story-17-3a-wasm-recall/ts-guest/out/ts-spirit-node22.wasm --fuel 303172 < /dev/null
[stdout]

[stderr]

classification=pass
[exit 0]
$ target/release/maos-wasm-runner --component spikes/story-17-3a-wasm-recall/ts-guest/out/ts-spirit-node22.wasm --fuel 303162 < /dev/null
[stdout]

[stderr]

classification=pass
[exit 0]
$ target/release/maos-wasm-runner --component spikes/story-17-3a-wasm-recall/ts-guest/out/ts-spirit-node22.wasm --fuel 303157 < /dev/null
[stdout]

[stderr]
maos-wasm-runner: OutOfFuel

classification=fuel-insufficient-in-guest-call
[exit 4]
$ target/release/maos-wasm-runner --component spikes/story-17-3a-wasm-recall/ts-guest/out/ts-spirit-node22.wasm --fuel 303159 < /dev/null
[stdout]

[stderr]

classification=pass
[exit 0]
$ target/release/maos-wasm-runner --component spikes/story-17-3a-wasm-recall/ts-guest/out/ts-spirit-node22.wasm --fuel 303158 < /dev/null
[stdout]

[stderr]

classification=pass
[exit 0]
$ target/debug/q1-driver encode | target/release/maos-wasm-runner --component spikes/story-17-3a-wasm-recall/ts-guest/out/ts-spirit-node22.wasm --fuel 0 | target/debug/q1-driver decode
[stdout]
decoded-count=0

[stderr]
maos-wasm-runner: InvalidComponent: component does not conform to maos:spirit@1.0 (instantiate failed): wasm trap: all fuel consumed by WebAssembly

classification=fuel-insufficient-at-instantiate
[exit 3]
$ target/debug/q1-driver encode | target/release/maos-wasm-runner --component spikes/story-17-3a-wasm-recall/ts-guest/out/ts-spirit-node22.wasm --fuel 10000000 | target/debug/q1-driver decode
[stdout]
decoded[1]=IacFrame {
    frame_id: [
        7,
        7,
        7,
        7,
        7,
        7,
        7,
        7,
        7,
        7,
        7,
        7,
        7,
        7,
        7,
        7,
    ],
    timestamp_ns: 123456789,
    logical_clock: 1,
    from: FrameAddress {
        spirit_id: SpiritId(
            "q1-driver",
        ),
        host_id: None,
        role: None,
    },
    to: [
        FrameAddress {
            spirit_id: SpiritId(
                "peer-spirit",
            ),
            host_id: None,
            role: None,
        },
    ],
    kind: TaskAssign,
    intent: Readonly,
    payload: TaskAssign(
        TaskAssignPayload {
            goal: "componentize-js runner probe",
            scope: [],
            success_criteria: "the guest echoes this real ADR-032 frame",
            posture_preferences: PosturePreferences {
                preferred_posture: None,
                halt_policy_overrides: [],
            },
            prior_distillate_ref: None,
        },
    ),
    auto_marker: Kernel,
    consent_envelope: None,
    intent_lineage: IntentLineage(
        [],
    ),
}
decoded-count=1

[stderr]

classification=pass
[exit 0]
$ target/debug/q1-driver encode | target/release/maos-wasm-runner --component spikes/story-17-3a-wasm-recall/ts-guest/out/ts-spirit-node22.wasm --fuel 5000000 | target/debug/q1-driver decode
[stdout]
decoded[1]=IacFrame {
    frame_id: [
        7,
        7,
        7,
        7,
        7,
        7,
        7,
        7,
        7,
        7,
        7,
        7,
        7,
        7,
        7,
        7,
    ],
    timestamp_ns: 123456789,
    logical_clock: 1,
    from: FrameAddress {
        spirit_id: SpiritId(
            "q1-driver",
        ),
        host_id: None,
        role: None,
    },
    to: [
        FrameAddress {
            spirit_id: SpiritId(
                "peer-spirit",
            ),
            host_id: None,
            role: None,
        },
    ],
    kind: TaskAssign,
    intent: Readonly,
    payload: TaskAssign(
        TaskAssignPayload {
            goal: "componentize-js runner probe",
            scope: [],
            success_criteria: "the guest echoes this real ADR-032 frame",
            posture_preferences: PosturePreferences {
                preferred_posture: None,
                halt_policy_overrides: [],
            },
            prior_distillate_ref: None,
        },
    ),
    auto_marker: Kernel,
    consent_envelope: None,
    intent_lineage: IntentLineage(
        [],
    ),
}
decoded-count=1

[stderr]

classification=pass
[exit 0]
$ target/debug/q1-driver encode | target/release/maos-wasm-runner --component spikes/story-17-3a-wasm-recall/ts-guest/out/ts-spirit-node22.wasm --fuel 2500000 | target/debug/q1-driver decode
[stdout]
decoded-count=0

[stderr]
maos-wasm-runner: OutOfFuel

classification=fuel-insufficient-in-guest-call
[exit 4]
$ target/debug/q1-driver encode | target/release/maos-wasm-runner --component spikes/story-17-3a-wasm-recall/ts-guest/out/ts-spirit-node22.wasm --fuel 3750000 | target/debug/q1-driver decode
[stdout]
decoded[1]=IacFrame {
    frame_id: [
        7,
        7,
        7,
        7,
        7,
        7,
        7,
        7,
        7,
        7,
        7,
        7,
        7,
        7,
        7,
        7,
    ],
    timestamp_ns: 123456789,
    logical_clock: 1,
    from: FrameAddress {
        spirit_id: SpiritId(
            "q1-driver",
        ),
        host_id: None,
        role: None,
    },
    to: [
        FrameAddress {
            spirit_id: SpiritId(
                "peer-spirit",
            ),
            host_id: None,
            role: None,
        },
    ],
    kind: TaskAssign,
    intent: Readonly,
    payload: TaskAssign(
        TaskAssignPayload {
            goal: "componentize-js runner probe",
            scope: [],
            success_criteria: "the guest echoes this real ADR-032 frame",
            posture_preferences: PosturePreferences {
                preferred_posture: None,
                halt_policy_overrides: [],
            },
            prior_distillate_ref: None,
        },
    ),
    auto_marker: Kernel,
    consent_envelope: None,
    intent_lineage: IntentLineage(
        [],
    ),
}
decoded-count=1

[stderr]

classification=pass
[exit 0]
$ target/debug/q1-driver encode | target/release/maos-wasm-runner --component spikes/story-17-3a-wasm-recall/ts-guest/out/ts-spirit-node22.wasm --fuel 3125000 | target/debug/q1-driver decode
[stdout]
decoded[1]=IacFrame {
    frame_id: [
        7,
        7,
        7,
        7,
        7,
        7,
        7,
        7,
        7,
        7,
        7,
        7,
        7,
        7,
        7,
        7,
    ],
    timestamp_ns: 123456789,
    logical_clock: 1,
    from: FrameAddress {
        spirit_id: SpiritId(
            "q1-driver",
        ),
        host_id: None,
        role: None,
    },
    to: [
        FrameAddress {
            spirit_id: SpiritId(
                "peer-spirit",
            ),
            host_id: None,
            role: None,
        },
    ],
    kind: TaskAssign,
    intent: Readonly,
    payload: TaskAssign(
        TaskAssignPayload {
            goal: "componentize-js runner probe",
            scope: [],
            success_criteria: "the guest echoes this real ADR-032 frame",
            posture_preferences: PosturePreferences {
                preferred_posture: None,
                halt_policy_overrides: [],
            },
            prior_distillate_ref: None,
        },
    ),
    auto_marker: Kernel,
    consent_envelope: None,
    intent_lineage: IntentLineage(
        [],
    ),
}
decoded-count=1

[stderr]

classification=pass
[exit 0]
$ target/debug/q1-driver encode | target/release/maos-wasm-runner --component spikes/story-17-3a-wasm-recall/ts-guest/out/ts-spirit-node22.wasm --fuel 2812500 | target/debug/q1-driver decode
[stdout]
decoded[1]=IacFrame {
    frame_id: [
        7,
        7,
        7,
        7,
        7,
        7,
        7,
        7,
        7,
        7,
        7,
        7,
        7,
        7,
        7,
        7,
    ],
    timestamp_ns: 123456789,
    logical_clock: 1,
    from: FrameAddress {
        spirit_id: SpiritId(
            "q1-driver",
        ),
        host_id: None,
        role: None,
    },
    to: [
        FrameAddress {
            spirit_id: SpiritId(
                "peer-spirit",
            ),
            host_id: None,
            role: None,
        },
    ],
    kind: TaskAssign,
    intent: Readonly,
    payload: TaskAssign(
        TaskAssignPayload {
            goal: "componentize-js runner probe",
            scope: [],
            success_criteria: "the guest echoes this real ADR-032 frame",
            posture_preferences: PosturePreferences {
                preferred_posture: None,
                halt_policy_overrides: [],
            },
            prior_distillate_ref: None,
        },
    ),
    auto_marker: Kernel,
    consent_envelope: None,
    intent_lineage: IntentLineage(
        [],
    ),
}
decoded-count=1

[stderr]

classification=pass
[exit 0]
$ target/debug/q1-driver encode | target/release/maos-wasm-runner --component spikes/story-17-3a-wasm-recall/ts-guest/out/ts-spirit-node22.wasm --fuel 2656250 | target/debug/q1-driver decode
[stdout]
decoded[1]=IacFrame {
    frame_id: [
        7,
        7,
        7,
        7,
        7,
        7,
        7,
        7,
        7,
        7,
        7,
        7,
        7,
        7,
        7,
        7,
    ],
    timestamp_ns: 123456789,
    logical_clock: 1,
    from: FrameAddress {
        spirit_id: SpiritId(
            "q1-driver",
        ),
        host_id: None,
        role: None,
    },
    to: [
        FrameAddress {
            spirit_id: SpiritId(
                "peer-spirit",
            ),
            host_id: None,
            role: None,
        },
    ],
    kind: TaskAssign,
    intent: Readonly,
    payload: TaskAssign(
        TaskAssignPayload {
            goal: "componentize-js runner probe",
            scope: [],
            success_criteria: "the guest echoes this real ADR-032 frame",
            posture_preferences: PosturePreferences {
                preferred_posture: None,
                halt_policy_overrides: [],
            },
            prior_distillate_ref: None,
        },
    ),
    auto_marker: Kernel,
    consent_envelope: None,
    intent_lineage: IntentLineage(
        [],
    ),
}
decoded-count=1

[stderr]

classification=pass
[exit 0]
$ target/debug/q1-driver encode | target/release/maos-wasm-runner --component spikes/story-17-3a-wasm-recall/ts-guest/out/ts-spirit-node22.wasm --fuel 2578125 | target/debug/q1-driver decode
[stdout]
decoded-count=0

[stderr]
maos-wasm-runner: OutOfFuel

classification=fuel-insufficient-in-guest-call
[exit 4]
$ target/debug/q1-driver encode | target/release/maos-wasm-runner --component spikes/story-17-3a-wasm-recall/ts-guest/out/ts-spirit-node22.wasm --fuel 2617187 | target/debug/q1-driver decode
[stdout]
decoded[1]=IacFrame {
    frame_id: [
        7,
        7,
        7,
        7,
        7,
        7,
        7,
        7,
        7,
        7,
        7,
        7,
        7,
        7,
        7,
        7,
    ],
    timestamp_ns: 123456789,
    logical_clock: 1,
    from: FrameAddress {
        spirit_id: SpiritId(
            "q1-driver",
        ),
        host_id: None,
        role: None,
    },
    to: [
        FrameAddress {
            spirit_id: SpiritId(
                "peer-spirit",
            ),
            host_id: None,
            role: None,
        },
    ],
    kind: TaskAssign,
    intent: Readonly,
    payload: TaskAssign(
        TaskAssignPayload {
            goal: "componentize-js runner probe",
            scope: [],
            success_criteria: "the guest echoes this real ADR-032 frame",
            posture_preferences: PosturePreferences {
                preferred_posture: None,
                halt_policy_overrides: [],
            },
            prior_distillate_ref: None,
        },
    ),
    auto_marker: Kernel,
    consent_envelope: None,
    intent_lineage: IntentLineage(
        [],
    ),
}
decoded-count=1

[stderr]

classification=pass
[exit 0]
$ target/debug/q1-driver encode | target/release/maos-wasm-runner --component spikes/story-17-3a-wasm-recall/ts-guest/out/ts-spirit-node22.wasm --fuel 2597656 | target/debug/q1-driver decode
[stdout]
decoded-count=0

[stderr]
maos-wasm-runner: OutOfFuel

classification=fuel-insufficient-in-guest-call
[exit 4]
$ target/debug/q1-driver encode | target/release/maos-wasm-runner --component spikes/story-17-3a-wasm-recall/ts-guest/out/ts-spirit-node22.wasm --fuel 2607421 | target/debug/q1-driver decode
[stdout]
decoded-count=0

[stderr]
maos-wasm-runner: OutOfFuel

classification=fuel-insufficient-in-guest-call
[exit 4]
$ target/debug/q1-driver encode | target/release/maos-wasm-runner --component spikes/story-17-3a-wasm-recall/ts-guest/out/ts-spirit-node22.wasm --fuel 2612304 | target/debug/q1-driver decode
[stdout]
decoded-count=0

[stderr]
maos-wasm-runner: OutOfFuel

classification=fuel-insufficient-in-guest-call
[exit 4]
$ target/debug/q1-driver encode | target/release/maos-wasm-runner --component spikes/story-17-3a-wasm-recall/ts-guest/out/ts-spirit-node22.wasm --fuel 2614745 | target/debug/q1-driver decode
[stdout]
decoded-count=0

[stderr]
maos-wasm-runner: OutOfFuel

classification=fuel-insufficient-in-guest-call
[exit 4]
$ target/debug/q1-driver encode | target/release/maos-wasm-runner --component spikes/story-17-3a-wasm-recall/ts-guest/out/ts-spirit-node22.wasm --fuel 2615966 | target/debug/q1-driver decode
[stdout]
decoded-count=0

[stderr]
maos-wasm-runner: OutOfFuel

classification=fuel-insufficient-in-guest-call
[exit 4]
$ target/debug/q1-driver encode | target/release/maos-wasm-runner --component spikes/story-17-3a-wasm-recall/ts-guest/out/ts-spirit-node22.wasm --fuel 2616576 | target/debug/q1-driver decode
[stdout]
decoded-count=0

[stderr]
maos-wasm-runner: OutOfFuel

classification=fuel-insufficient-in-guest-call
[exit 4]
$ target/debug/q1-driver encode | target/release/maos-wasm-runner --component spikes/story-17-3a-wasm-recall/ts-guest/out/ts-spirit-node22.wasm --fuel 2616881 | target/debug/q1-driver decode
[stdout]
decoded-count=0

[stderr]
maos-wasm-runner: OutOfFuel

classification=fuel-insufficient-in-guest-call
[exit 4]
$ target/debug/q1-driver encode | target/release/maos-wasm-runner --component spikes/story-17-3a-wasm-recall/ts-guest/out/ts-spirit-node22.wasm --fuel 2617034 | target/debug/q1-driver decode
[stdout]
decoded-count=0

[stderr]
maos-wasm-runner: OutOfFuel

classification=fuel-insufficient-in-guest-call
[exit 4]
$ target/debug/q1-driver encode | target/release/maos-wasm-runner --component spikes/story-17-3a-wasm-recall/ts-guest/out/ts-spirit-node22.wasm --fuel 2617110 | target/debug/q1-driver decode
[stdout]
decoded-count=0

[stderr]
maos-wasm-runner: OutOfFuel

classification=fuel-insufficient-in-guest-call
[exit 4]
$ target/debug/q1-driver encode | target/release/maos-wasm-runner --component spikes/story-17-3a-wasm-recall/ts-guest/out/ts-spirit-node22.wasm --fuel 2617148 | target/debug/q1-driver decode
[stdout]
decoded[1]=IacFrame {
    frame_id: [
        7,
        7,
        7,
        7,
        7,
        7,
        7,
        7,
        7,
        7,
        7,
        7,
        7,
        7,
        7,
        7,
    ],
    timestamp_ns: 123456789,
    logical_clock: 1,
    from: FrameAddress {
        spirit_id: SpiritId(
            "q1-driver",
        ),
        host_id: None,
        role: None,
    },
    to: [
        FrameAddress {
            spirit_id: SpiritId(
                "peer-spirit",
            ),
            host_id: None,
            role: None,
        },
    ],
    kind: TaskAssign,
    intent: Readonly,
    payload: TaskAssign(
        TaskAssignPayload {
            goal: "componentize-js runner probe",
            scope: [],
            success_criteria: "the guest echoes this real ADR-032 frame",
            posture_preferences: PosturePreferences {
                preferred_posture: None,
                halt_policy_overrides: [],
            },
            prior_distillate_ref: None,
        },
    ),
    auto_marker: Kernel,
    consent_envelope: None,
    intent_lineage: IntentLineage(
        [],
    ),
}
decoded-count=1

[stderr]

classification=pass
[exit 0]
$ target/debug/q1-driver encode | target/release/maos-wasm-runner --component spikes/story-17-3a-wasm-recall/ts-guest/out/ts-spirit-node22.wasm --fuel 2617129 | target/debug/q1-driver decode
[stdout]
decoded[1]=IacFrame {
    frame_id: [
        7,
        7,
        7,
        7,
        7,
        7,
        7,
        7,
        7,
        7,
        7,
        7,
        7,
        7,
        7,
        7,
    ],
    timestamp_ns: 123456789,
    logical_clock: 1,
    from: FrameAddress {
        spirit_id: SpiritId(
            "q1-driver",
        ),
        host_id: None,
        role: None,
    },
    to: [
        FrameAddress {
            spirit_id: SpiritId(
                "peer-spirit",
            ),
            host_id: None,
            role: None,
        },
    ],
    kind: TaskAssign,
    intent: Readonly,
    payload: TaskAssign(
        TaskAssignPayload {
            goal: "componentize-js runner probe",
            scope: [],
            success_criteria: "the guest echoes this real ADR-032 frame",
            posture_preferences: PosturePreferences {
                preferred_posture: None,
                halt_policy_overrides: [],
            },
            prior_distillate_ref: None,
        },
    ),
    auto_marker: Kernel,
    consent_envelope: None,
    intent_lineage: IntentLineage(
        [],
    ),
}
decoded-count=1

[stderr]

classification=pass
[exit 0]
$ target/debug/q1-driver encode | target/release/maos-wasm-runner --component spikes/story-17-3a-wasm-recall/ts-guest/out/ts-spirit-node22.wasm --fuel 2617119 | target/debug/q1-driver decode
[stdout]
decoded[1]=IacFrame {
    frame_id: [
        7,
        7,
        7,
        7,
        7,
        7,
        7,
        7,
        7,
        7,
        7,
        7,
        7,
        7,
        7,
        7,
    ],
    timestamp_ns: 123456789,
    logical_clock: 1,
    from: FrameAddress {
        spirit_id: SpiritId(
            "q1-driver",
        ),
        host_id: None,
        role: None,
    },
    to: [
        FrameAddress {
            spirit_id: SpiritId(
                "peer-spirit",
            ),
            host_id: None,
            role: None,
        },
    ],
    kind: TaskAssign,
    intent: Readonly,
    payload: TaskAssign(
        TaskAssignPayload {
            goal: "componentize-js runner probe",
            scope: [],
            success_criteria: "the guest echoes this real ADR-032 frame",
            posture_preferences: PosturePreferences {
                preferred_posture: None,
                halt_policy_overrides: [],
            },
            prior_distillate_ref: None,
        },
    ),
    auto_marker: Kernel,
    consent_envelope: None,
    intent_lineage: IntentLineage(
        [],
    ),
}
decoded-count=1

[stderr]

classification=pass
[exit 0]
$ target/debug/q1-driver encode | target/release/maos-wasm-runner --component spikes/story-17-3a-wasm-recall/ts-guest/out/ts-spirit-node22.wasm --fuel 2617114 | target/debug/q1-driver decode
[stdout]
decoded[1]=IacFrame {
    frame_id: [
        7,
        7,
        7,
        7,
        7,
        7,
        7,
        7,
        7,
        7,
        7,
        7,
        7,
        7,
        7,
        7,
    ],
    timestamp_ns: 123456789,
    logical_clock: 1,
    from: FrameAddress {
        spirit_id: SpiritId(
            "q1-driver",
        ),
        host_id: None,
        role: None,
    },
    to: [
        FrameAddress {
            spirit_id: SpiritId(
                "peer-spirit",
            ),
            host_id: None,
            role: None,
        },
    ],
    kind: TaskAssign,
    intent: Readonly,
    payload: TaskAssign(
        TaskAssignPayload {
            goal: "componentize-js runner probe",
            scope: [],
            success_criteria: "the guest echoes this real ADR-032 frame",
            posture_preferences: PosturePreferences {
                preferred_posture: None,
                halt_policy_overrides: [],
            },
            prior_distillate_ref: None,
        },
    ),
    auto_marker: Kernel,
    consent_envelope: None,
    intent_lineage: IntentLineage(
        [],
    ),
}
decoded-count=1

[stderr]

classification=pass
[exit 0]
$ target/debug/q1-driver encode | target/release/maos-wasm-runner --component spikes/story-17-3a-wasm-recall/ts-guest/out/ts-spirit-node22.wasm --fuel 2617112 | target/debug/q1-driver decode
[stdout]
decoded[1]=IacFrame {
    frame_id: [
        7,
        7,
        7,
        7,
        7,
        7,
        7,
        7,
        7,
        7,
        7,
        7,
        7,
        7,
        7,
        7,
    ],
    timestamp_ns: 123456789,
    logical_clock: 1,
    from: FrameAddress {
        spirit_id: SpiritId(
            "q1-driver",
        ),
        host_id: None,
        role: None,
    },
    to: [
        FrameAddress {
            spirit_id: SpiritId(
                "peer-spirit",
            ),
            host_id: None,
            role: None,
        },
    ],
    kind: TaskAssign,
    intent: Readonly,
    payload: TaskAssign(
        TaskAssignPayload {
            goal: "componentize-js runner probe",
            scope: [],
            success_criteria: "the guest echoes this real ADR-032 frame",
            posture_preferences: PosturePreferences {
                preferred_posture: None,
                halt_policy_overrides: [],
            },
            prior_distillate_ref: None,
        },
    ),
    auto_marker: Kernel,
    consent_envelope: None,
    intent_lineage: IntentLineage(
        [],
    ),
}
decoded-count=1

[stderr]

classification=pass
[exit 0]
$ target/debug/q1-driver encode | target/release/maos-wasm-runner --component spikes/story-17-3a-wasm-recall/ts-guest/out/ts-spirit-node22.wasm --fuel 2617111 | target/debug/q1-driver decode
[stdout]
decoded-count=0

[stderr]
maos-wasm-runner: OutOfFuel

classification=fuel-insufficient-in-guest-call
[exit 4]
minimum-fuel-zero-frames=303158
minimum-fuel-one-frame=2617112
handle-frame-increment=2313954
default-fuel=10000000
