UTC: 2026-09-26T00:32:54.647Z
$ git rev-parse HEAD
92911f59da6a75a7745a23ec05036d18116f68af
E15-A6: This probe reads string data embedded in the final component; it does not only inspect files it set itself.
$ strings -a spikes/story-17-3a-wasm-recall/ts-guest/out/ts-spirit-node22.wasm (all case-insensitive Starling|SpiderMonkey|ComponentizeJS matches)
--StarlingMonkeyFormBoundary{}
/home/runner/work/ComponentizeJS/ComponentizeJS/build-release/deps/OpenSSL/libx32/ossl-modules
/home/runner/work/StarlingMonkey/StarlingMonkey/deps/spidermonkey-source/js/src/vm/JSContext.cpp
starling-raw.wasm
/home/runner/work/ComponentizeJS/ComponentizeJS/StarlingMonkey/deps/cpm_cache/spidermonkey-release/adc1/include/fmt/format.h
../../../../../StarlingMonkey/deps/cpm_cache/openssl/94c9/crypto/err/err_local.h
StarlingMonkey engine initializing
../../../../../StarlingMonkey/deps/cpm_cache/openssl/94c9/providers/implementations/ciphers/cipher_aes_cts.inc
../../../../../StarlingMonkey/deps/cpm_cache/openssl/94c9/providers/implementations/ciphers/cipher_camellia_cts.inc
../../../../../StarlingMonkey/deps/cpm_cache/openssl/94c9/crypto/property/property.c
../../../../../StarlingMonkey/deps/cpm_cache/openssl/94c9/providers/implementations/encode_decode/encode_key2any.c
../../../../../StarlingMonkey/deps/cpm_cache/openssl/94c9/crypto/asn1/t_pkey.c
../../../../../StarlingMonkey/deps/cpm_cache/openssl/94c9/crypto/encode_decode/decoder_pkey.c
../../../../../StarlingMonkey/deps/cpm_cache/openssl/94c9/crypto/evp/evp_pkey.c
../../../../../StarlingMonkey/deps/cpm_cache/openssl/94c9/crypto/engine/tb_eckey.c
../../../../../StarlingMonkey/deps/cpm_cache/openssl/94c9/crypto/x509/x_pubkey.c
../../../../../StarlingMonkey/deps/cpm_cache/openssl/94c9/crypto/ec/ecx_key.c
../../../../../StarlingMonkey/deps/cpm_cache/openssl/94c9/crypto/evp/evp_key.c
../../../../../StarlingMonkey/deps/cpm_cache/openssl/94c9/crypto/dh/dh_key.c
../../../../../StarlingMonkey/deps/cpm_cache/openssl/94c9/crypto/ec/ec_key.c
../../../../../StarlingMonkey/deps/cpm_cache/openssl/94c9/providers/common/der/der_rsa_key.c
../../../../../StarlingMonkey/deps/cpm_cache/openssl/94c9/crypto/sm2/sm2_key.c
../../../../../StarlingMonkey/deps/cpm_cache/openssl/94c9/crypto/pkcs12/p12_key.c
../../../../../StarlingMonkey/deps/cpm_cache/openssl/94c9/providers/implementations/encode_decode/decode_der2key.c
../../../../../StarlingMonkey/deps/cpm_cache/openssl/94c9/providers/implementations/encode_decode/decode_pvk2key.c
../../../../../StarlingMonkey/deps/cpm_cache/openssl/94c9/providers/implementations/encode_decode/decode_msblob2key.c
../../../../../StarlingMonkey/deps/cpm_cache/openssl/94c9/crypto/evp/p_legacy.c
../../../../../StarlingMonkey/deps/cpm_cache/openssl/94c9/crypto/sparse_array.c
../../../../../StarlingMonkey/deps/cpm_cache/openssl/94c9/providers/common/provider_ctx.c
../../../../../StarlingMonkey/deps/cpm_cache/openssl/94c9/crypto/bn/bn_ctx.c
../../../../../StarlingMonkey/deps/cpm_cache/openssl/94c9/crypto/bio/bf_prefix.c
../../../../../StarlingMonkey/deps/cpm_cache/openssl/94c9/crypto/asn1/a_strex.c
../../../../../StarlingMonkey/deps/cpm_cache/openssl/94c9/providers/implementations/ciphers/cipher_aes_hw.c
../../../../../StarlingMonkey/deps/cpm_cache/openssl/94c9/providers/implementations/ciphers/cipher_aria_hw.c
../../../../../StarlingMonkey/deps/cpm_cache/openssl/94c9/providers/implementations/ciphers/cipher_camellia_hw.c
../../../../../StarlingMonkey/deps/cpm_cache/openssl/94c9/crypto/asn1/tasn_new.c
../../../../../StarlingMonkey/deps/cpm_cache/openssl/94c9/providers/implementations/digests/wp_prov.c
../../../../../StarlingMonkey/deps/cpm_cache/openssl/94c9/providers/implementations/digests/null_prov.c
../../../../../StarlingMonkey/deps/cpm_cache/openssl/94c9/providers/implementations/macs/siphash_prov.c
../../../../../StarlingMonkey/deps/cpm_cache/openssl/94c9/providers/implementations/digests/ripemd_prov.c
../../../../../StarlingMonkey/deps/cpm_cache/openssl/94c9/providers/implementations/macs/kmac_prov.c
../../../../../StarlingMonkey/deps/cpm_cache/openssl/94c9/providers/implementations/macs/hmac_prov.c
../../../../../StarlingMonkey/deps/cpm_cache/openssl/94c9/providers/implementations/macs/gmac_prov.c
../../../../../StarlingMonkey/deps/cpm_cache/openssl/94c9/providers/implementations/macs/cmac_prov.c
../../../../../StarlingMonkey/deps/cpm_cache/openssl/94c9/providers/implementations/digests/md5_prov.c
../../../../../StarlingMonkey/deps/cpm_cache/openssl/94c9/providers/implementations/macs/poly1305_prov.c
../../../../../StarlingMonkey/deps/cpm_cache/openssl/94c9/providers/implementations/digests/md4_prov.c
../../../../../StarlingMonkey/deps/cpm_cache/openssl/94c9/providers/implementations/digests/sm3_prov.c
../../../../../StarlingMonkey/deps/cpm_cache/openssl/94c9/providers/implementations/digests/sha3_prov.c
../../../../../StarlingMonkey/deps/cpm_cache/openssl/94c9/providers/implementations/digests/blake2_prov.c
../../../../../StarlingMonkey/deps/cpm_cache/openssl/94c9/providers/implementations/digests/mdc2_prov.c
../../../../../StarlingMonkey/deps/cpm_cache/openssl/94c9/providers/implementations/digests/sha2_prov.c
../../../../../StarlingMonkey/deps/cpm_cache/openssl/94c9/providers/implementations/digests/md5_sha1_prov.c
../../../../../StarlingMonkey/deps/cpm_cache/openssl/94c9/crypto/bn/bn_conv.c
../../../../../StarlingMonkey/deps/cpm_cache/openssl/94c9/providers/implementations/ciphers/cipher_aes_siv.c
../../../../../StarlingMonkey/deps/cpm_cache/openssl/94c9/crypto/bn/bn_div.c
../../../../../StarlingMonkey/deps/cpm_cache/openssl/94c9/crypto/context.c
../../../../../StarlingMonkey/deps/cpm_cache/openssl/94c9/crypto/params_from_text.c
../../../../../StarlingMonkey/deps/cpm_cache/openssl/94c9/providers/implementations/encode_decode/encode_key2text.c
../../../../../StarlingMonkey/deps/cpm_cache/openssl/94c9/crypto/ec/ecp_nist.c
../../../../../StarlingMonkey/deps/cpm_cache/openssl/94c9/crypto/engine/eng_list.c
../../../../../StarlingMonkey/deps/cpm_cache/openssl/94c9/crypto/engine/tb_digest.c
../../../../../StarlingMonkey/deps/cpm_cache/openssl/94c9/crypto/evp/digest.c
../../../../../StarlingMonkey/deps/cpm_cache/openssl/94c9/crypto/bn/bn_sqrt.c
../../../../../StarlingMonkey/deps/cpm_cache/openssl/94c9/crypto/evp/pbe_scrypt.c
../../../../../StarlingMonkey/deps/cpm_cache/openssl/94c9/crypto/asn1/p5_scrypt.c
../../../../../StarlingMonkey/deps/cpm_cache/openssl/94c9/providers/implementations/kdfs/scrypt.c
../../../../../StarlingMonkey/deps/cpm_cache/openssl/94c9/crypto/sm2/sm2_crypt.c
../../../../../StarlingMonkey/deps/cpm_cache/openssl/94c9/crypto/rsa/rsa_crpt.c
../../../../../StarlingMonkey/deps/cpm_cache/openssl/94c9/crypto/evp/p5_crpt.c
../../../../../StarlingMonkey/deps/cpm_cache/openssl/94c9/crypto/pkcs12/p12_crpt.c
../../../../../StarlingMonkey/deps/cpm_cache/openssl/94c9/crypto/ec/ecp_mont.c
../../../../../StarlingMonkey/deps/cpm_cache/openssl/94c9/crypto/bn/bn_mont.c
../../../../../StarlingMonkey/deps/cpm_cache/openssl/94c9/crypto/bio/bio_print.c
../../../../../StarlingMonkey/deps/cpm_cache/openssl/94c9/crypto/asn1/a_int.c
../../../../../StarlingMonkey/deps/cpm_cache/openssl/94c9/providers/implementations/keymgmt/kdf_legacy_kmgmt.c
../../../../../StarlingMonkey/deps/cpm_cache/openssl/94c9/providers/implementations/keymgmt/mac_legacy_kmgmt.c
../../../../../StarlingMonkey/deps/cpm_cache/openssl/94c9/providers/implementations/keymgmt/ecx_kmgmt.c
../../../../../StarlingMonkey/deps/cpm_cache/openssl/94c9/providers/implementations/keymgmt/dh_kmgmt.c
../../../../../StarlingMonkey/deps/cpm_cache/openssl/94c9/providers/implementations/keymgmt/ec_kmgmt.c
../../../../../StarlingMonkey/deps/cpm_cache/openssl/94c9/providers/implementations/keymgmt/rsa_kmgmt.c
../../../../../StarlingMonkey/deps/cpm_cache/openssl/94c9/providers/implementations/keymgmt/dsa_kmgmt.c
../../../../../StarlingMonkey/deps/cpm_cache/openssl/94c9/crypto/pem/pvkfmt.c
../../../../../StarlingMonkey/deps/cpm_cache/openssl/94c9/crypto/ec/ec_mult.c
../../../../../StarlingMonkey/deps/cpm_cache/openssl/94c9/crypto/engine/eng_init.c
../../../../../StarlingMonkey/deps/cpm_cache/openssl/94c9/crypto/init.c
../../../../../StarlingMonkey/deps/cpm_cache/openssl/94c9/crypto/bn/bn_shift.c
../../../../../StarlingMonkey/deps/cpm_cache/openssl/94c9/crypto/packet.c
../../../../../StarlingMonkey/deps/cpm_cache/openssl/94c9/crypto/ec/ecp_oct.c
../../../../../StarlingMonkey/deps/cpm_cache/openssl/94c9/crypto/ec/ec_oct.c
../../../../../StarlingMonkey/deps/cpm_cache/openssl/94c9/crypto/ec/ec2_oct.c
../../../../../StarlingMonkey/deps/cpm_cache/openssl/94c9/crypto/asn1/a_object.c
../../../../../StarlingMonkey/deps/cpm_cache/openssl/94c9/crypto/engine/eng_fat.c
../../../../../StarlingMonkey/deps/cpm_cache/openssl/94c9/crypto/objects/obj_dat.c
../../../../../StarlingMonkey/deps/cpm_cache/openssl/94c9/providers/implementations/ciphers/cipher_aes_xts.c
../../../../../StarlingMonkey/deps/cpm_cache/openssl/94c9/crypto/rsa/rsa_pss.c
../../../../../StarlingMonkey/deps/cpm_cache/openssl/94c9/crypto/rsa/rsa_saos.c
../../../../../StarlingMonkey/deps/cpm_cache/openssl/94c9/crypto/dh/dh_group_params.c
../../../../../StarlingMonkey/deps/cpm_cache/openssl/94c9/crypto/ffc/ffc_params.c
../../../../../StarlingMonkey/deps/cpm_cache/openssl/94c9/crypto/params.c
../../../../../StarlingMonkey/deps/cpm_cache/openssl/94c9/providers/implementations/encode_decode/encode_key2ms.c
../../../../../StarlingMonkey/deps/cpm_cache/openssl/94c9/crypto/evp/evp_utils.c
../../../../../StarlingMonkey/deps/cpm_cache/openssl/94c9/crypto/err/err_blocks.c
../../../../../StarlingMonkey/deps/cpm_cache/openssl/94c9/crypto/objects/o_names.c
../../../../../StarlingMonkey/deps/cpm_cache/openssl/94c9/providers/implementations/ciphers/cipher_des.c
../../../../../StarlingMonkey/deps/cpm_cache/openssl/94c9/providers/implementations/ciphers/cipher_aes.c
../../../../../StarlingMonkey/deps/cpm_cache/openssl/94c9/crypto/evp/e_aes.c
../../../../../StarlingMonkey/deps/cpm_cache/openssl/94c9/crypto/asn1/a_bitstr.c
../../../../../StarlingMonkey/deps/cpm_cache/openssl/94c9/crypto/asn1/a_mbstr.c
../../../../../StarlingMonkey/deps/cpm_cache/openssl/94c9/crypto/o_str.c
../../../../../StarlingMonkey/deps/cpm_cache/openssl/94c9/providers/implementations/rands/drbg_ctr.c
../../../../../StarlingMonkey/deps/cpm_cache/openssl/94c9/crypto/err/err.c
../../../../../StarlingMonkey/deps/cpm_cache/openssl/94c9/crypto/asn1/d2i_pr.c
../../../../../StarlingMonkey/deps/cpm_cache/openssl/94c9/crypto/asn1/x_algor.c
../../../../../StarlingMonkey/deps/cpm_cache/openssl/94c9/crypto/evp/m_sigver.c
../../../../../StarlingMonkey/deps/cpm_cache/openssl/94c9/crypto/evp/asymcipher.c
../../../../../StarlingMonkey/deps/cpm_cache/openssl/94c9/crypto/engine/tb_cipher.c
../../../../../StarlingMonkey/deps/cpm_cache/openssl/94c9/crypto/buffer/buffer.c
../../../../../StarlingMonkey/deps/cpm_cache/openssl/94c9/providers/implementations/encode_decode/decode_pem2der.c
../../../../../StarlingMonkey/deps/cpm_cache/openssl/94c9/crypto/pkcs12/p12_decr.c
../../../../../StarlingMonkey/deps/cpm_cache/openssl/94c9/crypto/bn/bn_exp.c
../../../../../StarlingMonkey/deps/cpm_cache/openssl/94c9/crypto/params_dup.c
../../../../../StarlingMonkey/deps/cpm_cache/openssl/94c9/crypto/asn1/a_dup.c
../../../../../StarlingMonkey/deps/cpm_cache/openssl/94c9/providers/implementations/ciphers/cipher_aes_wrp.c
../../../../../StarlingMonkey/deps/cpm_cache/openssl/94c9/crypto/rsa/rsa_mp.c
../../../../../StarlingMonkey/deps/cpm_cache/openssl/94c9/crypto/asn1/a_d2i_fp.c
../../../../../StarlingMonkey/deps/cpm_cache/openssl/94c9/crypto/asn1/a_i2d_fp.c
../../../../../StarlingMonkey/deps/cpm_cache/openssl/94c9/crypto/rsa/rsa_oaep.c
../../../../../StarlingMonkey/deps/cpm_cache/openssl/94c9/crypto/bn/bn_recp.c
../../../../../StarlingMonkey/deps/cpm_cache/openssl/94c9/providers/implementations/ciphers/cipher_tdes_wrap.c
../../../../../StarlingMonkey/deps/cpm_cache/openssl/94c9/crypto/core_namemap.c
../../../../../StarlingMonkey/deps/cpm_cache/openssl/94c9/crypto/bio/ossl_core_bio.c
../../../../../StarlingMonkey/deps/cpm_cache/openssl/94c9/crypto/engine/eng_dyn.c
../../../../../StarlingMonkey/deps/cpm_cache/openssl/94c9/crypto/err/err_prn.c
../../../../../StarlingMonkey/deps/cpm_cache/openssl/94c9/crypto/asn1/tasn_prn.c
../../../../../StarlingMonkey/deps/cpm_cache/openssl/94c9/crypto/ec/eck_prn.c
../../../../../StarlingMonkey/deps/cpm_cache/openssl/94c9/crypto/bn/bn_intern.c
../../../../../StarlingMonkey/deps/cpm_cache/openssl/94c9/providers/implementations/digests/digestcommon.c
../../../../../StarlingMonkey/deps/cpm_cache/openssl/94c9/providers/implementations/ciphers/ciphercommon.c
../../../../../StarlingMonkey/deps/cpm_cache/openssl/94c9/providers/implementations/ciphers/cipher_tdes_common.c
../../../../../StarlingMonkey/deps/cpm_cache/openssl/94c9/providers/implementations/encode_decode/endecoder_common.c
../../../../../StarlingMonkey/deps/cpm_cache/openssl/94c9/crypto/rsa/rsa_sign.c
../../../../../StarlingMonkey/deps/cpm_cache/openssl/94c9/crypto/ec/ecdsa_sign.c
../../../../../StarlingMonkey/deps/cpm_cache/openssl/94c9/crypto/dsa/dsa_sign.c
../../../../../StarlingMonkey/deps/cpm_cache/openssl/94c9/crypto/sm2/sm2_sign.c
../../../../../StarlingMonkey/deps/cpm_cache/openssl/94c9/crypto/evp/pmeth_gn.c
../../../../../StarlingMonkey/deps/cpm_cache/openssl/94c9/crypto/dh/dh_gen.c
../../../../../StarlingMonkey/deps/cpm_cache/openssl/94c9/crypto/rsa/rsa_sp800_56b_gen.c
../../../../../StarlingMonkey/deps/cpm_cache/openssl/94c9/crypto/rsa/rsa_gen.c
../../../../../StarlingMonkey/deps/cpm_cache/openssl/94c9/crypto/core_algorithm.c
../../../../../StarlingMonkey/deps/cpm_cache/openssl/94c9/crypto/bio/bss_mem.c
../../../../../StarlingMonkey/deps/cpm_cache/openssl/94c9/providers/implementations/kem/rsa_kem.c
../../../../../StarlingMonkey/deps/cpm_cache/openssl/94c9/crypto/evp/kem.c
../../../../../StarlingMonkey/deps/cpm_cache/openssl/94c9/providers/implementations/ciphers/cipher_aes_gcm.c
../../../../../StarlingMonkey/deps/cpm_cache/openssl/94c9/providers/implementations/ciphers/ciphercommon_gcm.c
../../../../../StarlingMonkey/deps/cpm_cache/openssl/94c9/providers/implementations/ciphers/cipher_aria_gcm.c
../../../../../StarlingMonkey/deps/cpm_cache/openssl/94c9/providers/implementations/ciphers/cipher_aes_ccm.c
../../../../../StarlingMonkey/deps/cpm_cache/openssl/94c9/providers/implementations/ciphers/ciphercommon_ccm.c
../../../../../StarlingMonkey/deps/cpm_cache/openssl/94c9/providers/implementations/ciphers/cipher_aria_ccm.c
../../../../../StarlingMonkey/deps/cpm_cache/openssl/94c9/crypto/bn/bn_gf2m.c
../../../../../StarlingMonkey/deps/cpm_cache/openssl/94c9/crypto/asn1/tasn_utl.c
../../../../../StarlingMonkey/deps/cpm_cache/openssl/94c9/crypto/x509/v3_utl.c
../../../../../StarlingMonkey/deps/cpm_cache/openssl/94c9/crypto/pkcs12/p12_utl.c
../../../../../StarlingMonkey/deps/cpm_cache/openssl/94c9/crypto/ec/ecdh_ossl.c
../../../../../StarlingMonkey/deps/cpm_cache/openssl/94c9/crypto/rsa/rsa_ossl.c
../../../../../StarlingMonkey/deps/cpm_cache/openssl/94c9/crypto/ec/ecdsa_ossl.c
../../../../../StarlingMonkey/deps/cpm_cache/openssl/94c9/crypto/dsa/dsa_ossl.c
../../../../../StarlingMonkey/deps/cpm_cache/openssl/94c9/crypto/conf/conf_ssl.c
../../../../../StarlingMonkey/deps/cpm_cache/openssl/94c9/crypto/evp/dh_ctrl.c
../../../../../StarlingMonkey/deps/cpm_cache/openssl/94c9/crypto/engine/eng_ctrl.c
../../../../../StarlingMonkey/deps/cpm_cache/openssl/94c9/crypto/evp/ec_ctrl.c
../../../../../StarlingMonkey/deps/cpm_cache/openssl/94c9/crypto/evp/dsa_ctrl.c
../../../../../StarlingMonkey/deps/cpm_cache/openssl/94c9/crypto/ec/ecp_smpl.c
../../../../../StarlingMonkey/deps/cpm_cache/openssl/94c9/crypto/ec/ec2_smpl.c
../../../../../StarlingMonkey/deps/cpm_cache/openssl/94c9/providers/implementations/macs/blake2_mac_impl.c
../../../../../StarlingMonkey/deps/cpm_cache/openssl/94c9/crypto/rand/rand_pool.c
../../../../../StarlingMonkey/deps/cpm_cache/openssl/94c9/providers/implementations/ciphers/cipher_null.c
../../../../../StarlingMonkey/deps/cpm_cache/openssl/94c9/crypto/ui/ui_util.c
../../../../../StarlingMonkey/deps/cpm_cache/openssl/94c9/crypto/asn1/asn_mstbl.c
../../../../../StarlingMonkey/deps/cpm_cache/openssl/94c9/crypto/rsa/rsa_chk.c
../../../../../StarlingMonkey/deps/cpm_cache/openssl/94c9/providers/implementations/ciphers/ciphercommon_block.c
../../../../../StarlingMonkey/deps/cpm_cache/openssl/94c9/providers/common/securitycheck.c
../../../../../StarlingMonkey/deps/cpm_cache/openssl/94c9/crypto/evp/pmeth_check.c
../../../../../StarlingMonkey/deps/cpm_cache/openssl/94c9/crypto/dh/dh_check.c
../../../../../StarlingMonkey/deps/cpm_cache/openssl/94c9/crypto/ec/ec_check.c
../../../../../StarlingMonkey/deps/cpm_cache/openssl/94c9/crypto/rsa/rsa_sp800_56b_check.c
../../../../../StarlingMonkey/deps/cpm_cache/openssl/94c9/crypto/dsa/dsa_check.c
../../../../../StarlingMonkey/deps/cpm_cache/openssl/94c9/crypto/stack/stack.c
../../../../../StarlingMonkey/deps/cpm_cache/openssl/94c9/crypto/asn1/asn_pack.c
../../../../../StarlingMonkey/deps/cpm_cache/openssl/94c9/crypto/x509/x509_obj.c
../../../../../StarlingMonkey/deps/cpm_cache/openssl/94c9/providers/implementations/storemgmt/file_store_any2obj.c
../../../../../StarlingMonkey/deps/cpm_cache/openssl/94c9/crypto/conf/conf_api.c
../../../../../StarlingMonkey/deps/cpm_cache/openssl/94c9/providers/implementations/encode_decode/decode_spki2typespki.c
../../../../../StarlingMonkey/deps/cpm_cache/openssl/94c9/providers/implementations/encode_decode/decode_epki2pki.c
../../../../../StarlingMonkey/deps/cpm_cache/openssl/94c9/crypto/engine/tb_asnmth.c
../../../../../StarlingMonkey/deps/cpm_cache/openssl/94c9/crypto/dh/dh_pmeth.c
../../../../../StarlingMonkey/deps/cpm_cache/openssl/94c9/crypto/ec/ec_pmeth.c
../../../../../StarlingMonkey/deps/cpm_cache/openssl/94c9/crypto/rsa/rsa_pmeth.c
../../../../../StarlingMonkey/deps/cpm_cache/openssl/94c9/crypto/dsa/dsa_pmeth.c
../../../../../StarlingMonkey/deps/cpm_cache/openssl/94c9/crypto/engine/tb_pkmeth.c
../../../../../StarlingMonkey/deps/cpm_cache/openssl/94c9/crypto/ec/ec_kmeth.c
../../../../../StarlingMonkey/deps/cpm_cache/openssl/94c9/crypto/dh/dh_ameth.c
../../../../../StarlingMonkey/deps/cpm_cache/openssl/94c9/crypto/ec/ec_ameth.c
../../../../../StarlingMonkey/deps/cpm_cache/openssl/94c9/crypto/rsa/rsa_ameth.c
../../../../../StarlingMonkey/deps/cpm_cache/openssl/94c9/crypto/dsa/dsa_ameth.c
../../../../../StarlingMonkey/deps/cpm_cache/openssl/94c9/crypto/ec/ecx_meth.c
../../../../../StarlingMonkey/deps/cpm_cache/openssl/94c9/crypto/evp/keymgmt_meth.c
../../../../../StarlingMonkey/deps/cpm_cache/openssl/94c9/crypto/encode_decode/decoder_meth.c
../../../../../StarlingMonkey/deps/cpm_cache/openssl/94c9/crypto/bio/bio_meth.c
../../../../../StarlingMonkey/deps/cpm_cache/openssl/94c9/crypto/evp/kdf_meth.c
../../../../../StarlingMonkey/deps/cpm_cache/openssl/94c9/crypto/evp/mac_meth.c
../../../../../StarlingMonkey/deps/cpm_cache/openssl/94c9/providers/implementations/ciphers/cipher_blowfish.c
../../../../../StarlingMonkey/deps/cpm_cache/openssl/94c9/crypto/lhash/lhash.c
../../../../../StarlingMonkey/deps/cpm_cache/openssl/94c9/providers/implementations/rands/drbg_hash.c
../../../../../StarlingMonkey/deps/cpm_cache/openssl/94c9/crypto/engine/tb_dh.c
../../../../../StarlingMonkey/deps/cpm_cache/openssl/94c9/providers/implementations/exchange/ecx_exch.c
../../../../../StarlingMonkey/deps/cpm_cache/openssl/94c9/providers/implementations/exchange/ecdh_exch.c
../../../../../StarlingMonkey/deps/cpm_cache/openssl/94c9/providers/implementations/exchange/dh_exch.c
../../../../../StarlingMonkey/deps/cpm_cache/openssl/94c9/providers/implementations/exchange/kdf_exch.c
../../../../../StarlingMonkey/deps/cpm_cache/openssl/94c9/crypto/evp/evp_fetch.c
../../../../../StarlingMonkey/deps/cpm_cache/openssl/94c9/crypto/core_fetch.c
../../../../../StarlingMonkey/deps/cpm_cache/openssl/94c9/providers/implementations/rands/test_rng.c
../../../../../StarlingMonkey/deps/cpm_cache/openssl/94c9/crypto/property/property_string.c
../../../../../StarlingMonkey/deps/cpm_cache/openssl/94c9/providers/implementations/signature/mac_legacy_sig.c
../../../../../StarlingMonkey/deps/cpm_cache/openssl/94c9/providers/implementations/signature/rsa_sig.c
../../../../../StarlingMonkey/deps/cpm_cache/openssl/94c9/providers/implementations/signature/eddsa_sig.c
../../../../../StarlingMonkey/deps/cpm_cache/openssl/94c9/providers/implementations/signature/ecdsa_sig.c
../../../../../StarlingMonkey/deps/cpm_cache/openssl/94c9/providers/implementations/signature/dsa_sig.c
../../../../../StarlingMonkey/deps/cpm_cache/openssl/94c9/providers/implementations/signature/sm2_sig.c
../../../../../StarlingMonkey/deps/cpm_cache/openssl/94c9/providers/implementations/rands/drbg.c
../../../../../StarlingMonkey/deps/cpm_cache/openssl/94c9/crypto/ec/ecdsa_vrf.c
../../../../../StarlingMonkey/deps/cpm_cache/openssl/94c9/providers/implementations/kdfs/tls1_prf.c
../../../../../StarlingMonkey/deps/cpm_cache/openssl/94c9/crypto/provider_conf.c
../../../../../StarlingMonkey/deps/cpm_cache/openssl/94c9/crypto/evp/evp_cnf.c
../../../../../StarlingMonkey/deps/cpm_cache/openssl/94c9/crypto/engine/eng_cnf.c
../../../../../StarlingMonkey/deps/cpm_cache/openssl/94c9/crypto/bio/bf_readbuff.c
../../../../../StarlingMonkey/deps/cpm_cache/openssl/94c9/crypto/objects/obj_xref.c
../../../../../StarlingMonkey/deps/cpm_cache/openssl/94c9/crypto/conf/conf_def.c
../../../../../StarlingMonkey/deps/cpm_cache/openssl/94c9/providers/implementations/kdfs/sskdf.c
../../../../../StarlingMonkey/deps/cpm_cache/openssl/94c9/providers/implementations/kdfs/sshkdf.c
../../../../../StarlingMonkey/deps/cpm_cache/openssl/94c9/providers/implementations/kdfs/hkdf.c
../../../../../StarlingMonkey/deps/cpm_cache/openssl/94c9/providers/implementations/kdfs/kbkdf.c
../../../../../StarlingMonkey/deps/cpm_cache/openssl/94c9/providers/implementations/kdfs/krb5kdf.c
../../../../../StarlingMonkey/deps/cpm_cache/openssl/94c9/providers/implementations/kdfs/x942kdf.c
../../../../../StarlingMonkey/deps/cpm_cache/openssl/94c9/providers/implementations/kdfs/pkcs12kdf.c
../../../../../StarlingMonkey/deps/cpm_cache/openssl/94c9/crypto/ec/ec_curve.c
../../../../../StarlingMonkey/deps/cpm_cache/openssl/94c9/crypto/ffc/ffc_params_generate.c
../../../../../StarlingMonkey/deps/cpm_cache/openssl/94c9/crypto/evp/ctrl_params_translate.c
../../../../../StarlingMonkey/deps/cpm_cache/openssl/94c9/crypto/ffc/ffc_params_validate.c
../../../../../StarlingMonkey/deps/cpm_cache/openssl/94c9/crypto/property/property_parse.c
../../../../../StarlingMonkey/deps/cpm_cache/openssl/94c9/crypto/passphrase.c
../../../../../StarlingMonkey/deps/cpm_cache/openssl/94c9/crypto/evp/signature.c
../../../../../StarlingMonkey/deps/cpm_cache/openssl/94c9/providers/implementations/storemgmt/file_store.c
../../../../../StarlingMonkey/deps/cpm_cache/openssl/94c9/crypto/self_test_core.c
../../../../../StarlingMonkey/deps/cpm_cache/openssl/94c9/crypto/bio/bss_core.c
../../../../../StarlingMonkey/deps/cpm_cache/openssl/94c9/crypto/provider_core.c
../../../../../StarlingMonkey/deps/cpm_cache/openssl/94c9/crypto/asn1/tasn_fre.c
../../../../../StarlingMonkey/deps/cpm_cache/openssl/94c9/crypto/threads_none.c
../../../../../StarlingMonkey/deps/cpm_cache/openssl/94c9/crypto/rsa/rsa_none.c
../../../../../StarlingMonkey/deps/cpm_cache/openssl/94c9/crypto/bn/bn_prime.c
../../../../../StarlingMonkey/deps/cpm_cache/openssl/94c9/crypto/x509/x_name.c
../../../../../StarlingMonkey/deps/cpm_cache/openssl/94c9/crypto/engine/eng_table.c
../../../../../StarlingMonkey/deps/cpm_cache/openssl/94c9/crypto/property/defn_cache.c
../../../../../StarlingMonkey/deps/cpm_cache/openssl/94c9/crypto/evp/exchange.c
../../../../../StarlingMonkey/deps/cpm_cache/openssl/94c9/crypto/evp/encode.c
../../../../../StarlingMonkey/deps/cpm_cache/openssl/94c9/crypto/evp/evp_pbe.c
../../../../../StarlingMonkey/deps/cpm_cache/openssl/94c9/crypto/asn1/p5_pbe.c
../../../../../StarlingMonkey/deps/cpm_cache/openssl/94c9/crypto/pkcs12/p12_p8e.c
../../../../../StarlingMonkey/deps/cpm_cache/openssl/94c9/crypto/bn/bn_mod.c
../../../../../StarlingMonkey/deps/cpm_cache/openssl/94c9/crypto/conf/conf_mod.c
../../../../../StarlingMonkey/deps/cpm_cache/openssl/94c9/crypto/bn/bn_blind.c
../../../../../StarlingMonkey/deps/cpm_cache/openssl/94c9/crypto/ec/ecx_backend.c
../../../../../StarlingMonkey/deps/cpm_cache/openssl/94c9/crypto/dh/dh_backend.c
../../../../../StarlingMonkey/deps/cpm_cache/openssl/94c9/crypto/ec/ec_backend.c
../../../../../StarlingMonkey/deps/cpm_cache/openssl/94c9/crypto/rsa/rsa_backend.c
../../../../../StarlingMonkey/deps/cpm_cache/openssl/94c9/crypto/dsa/dsa_backend.c
../../../../../StarlingMonkey/deps/cpm_cache/openssl/94c9/crypto/evp/evp_rand.c
../../../../../StarlingMonkey/deps/cpm_cache/openssl/94c9/crypto/bn/bn_rand.c
../../../../../StarlingMonkey/deps/cpm_cache/openssl/94c9/crypto/param_build.c
../../../../../StarlingMonkey/deps/cpm_cache/openssl/94c9/crypto/provider_child.c
../../../../../StarlingMonkey/deps/cpm_cache/openssl/94c9/crypto/asn1/asn_moid.c
../../../../../StarlingMonkey/deps/cpm_cache/openssl/94c9/crypto/asn1/a_strnid.c
../../../../../StarlingMonkey/deps/cpm_cache/openssl/94c9/crypto/rand/prov_seed.c
../../../../../StarlingMonkey/deps/cpm_cache/openssl/94c9/providers/implementations/ciphers/cipher_seed.c
../../../../../StarlingMonkey/deps/cpm_cache/openssl/94c9/crypto/bn/bn_add.c
../../../../../StarlingMonkey/deps/cpm_cache/openssl/94c9/crypto/bn/bn_gcd.c
../../../../../StarlingMonkey/deps/cpm_cache/openssl/94c9/ssl/record/tls_pad.c
../../../../../StarlingMonkey/deps/cpm_cache/openssl/94c9/crypto/initthread.c
../../../../../StarlingMonkey/deps/cpm_cache/openssl/94c9/providers/implementations/rands/seed_src.c
../../../../../StarlingMonkey/deps/cpm_cache/openssl/94c9/crypto/evp/evp_enc.c
../../../../../StarlingMonkey/deps/cpm_cache/openssl/94c9/crypto/asn1/tasn_enc.c
../../../../../StarlingMonkey/deps/cpm_cache/openssl/94c9/providers/implementations/asymciphers/rsa_enc.c
../../../../../StarlingMonkey/deps/cpm_cache/openssl/94c9/providers/implementations/asymciphers/sm2_enc.c
../../../../../StarlingMonkey/deps/cpm_cache/openssl/94c9/crypto/asn1/tasn_dec.c
../../../../../StarlingMonkey/deps/cpm_cache/openssl/94c9/providers/implementations/rands/drbg_hmac.c
../../../../../StarlingMonkey/deps/cpm_cache/openssl/94c9/crypto/hmac/hmac.c
../../../../../StarlingMonkey/deps/cpm_cache/openssl/94c9/crypto/cmac/cmac.c
../../../../../StarlingMonkey/deps/cpm_cache/openssl/94c9/providers/implementations/encode_decode/encode_key2blob.c
../../../../../StarlingMonkey/deps/cpm_cache/openssl/94c9/crypto/evp/keymgmt_lib.c
../../../../../StarlingMonkey/deps/cpm_cache/openssl/94c9/crypto/encode_decode/decoder_lib.c
../../../../../StarlingMonkey/deps/cpm_cache/openssl/94c9/crypto/evp/evp_lib.c
../../../../../StarlingMonkey/deps/cpm_cache/openssl/94c9/crypto/evp/p_lib.c
../../../../../StarlingMonkey/deps/cpm_cache/openssl/94c9/crypto/dso/dso_lib.c
../../../../../StarlingMonkey/deps/cpm_cache/openssl/94c9/crypto/bio/bio_lib.c
../../../../../StarlingMonkey/deps/cpm_cache/openssl/94c9/crypto/bn/bn_lib.c
../../../../../StarlingMonkey/deps/cpm_cache/openssl/94c9/crypto/pem/pem_lib.c
../../../../../StarlingMonkey/deps/cpm_cache/openssl/94c9/crypto/objects/obj_lib.c
../../../../../StarlingMonkey/deps/cpm_cache/openssl/94c9/crypto/ui/ui_lib.c
../../../../../StarlingMonkey/deps/cpm_cache/openssl/94c9/crypto/evp/pmeth_lib.c
../../../../../StarlingMonkey/deps/cpm_cache/openssl/94c9/crypto/asn1/ameth_lib.c
../../../../../StarlingMonkey/deps/cpm_cache/openssl/94c9/crypto/dh/dh_lib.c
../../../../../StarlingMonkey/deps/cpm_cache/openssl/94c9/crypto/engine/eng_lib.c
../../../../../StarlingMonkey/deps/cpm_cache/openssl/94c9/crypto/conf/conf_lib.c
../../../../../StarlingMonkey/deps/cpm_cache/openssl/94c9/crypto/evp/kdf_lib.c
../../../../../StarlingMonkey/deps/cpm_cache/openssl/94c9/crypto/rand/rand_lib.c
../../../../../StarlingMonkey/deps/cpm_cache/openssl/94c9/crypto/ec/ec_lib.c
../../../../../StarlingMonkey/deps/cpm_cache/openssl/94c9/crypto/evp/mac_lib.c
../../../../../StarlingMonkey/deps/cpm_cache/openssl/94c9/crypto/rsa/rsa_lib.c
../../../../../StarlingMonkey/deps/cpm_cache/openssl/94c9/crypto/dsa/dsa_lib.c
../../../../../StarlingMonkey/deps/cpm_cache/openssl/94c9/crypto/asn1/asn1_lib.c
../../../../../StarlingMonkey/deps/cpm_cache/openssl/94c9/providers/implementations/ciphers/cipher_aes_ocb.c
../../../../../StarlingMonkey/deps/cpm_cache/openssl/94c9/crypto/ex_data.c
../../../../../StarlingMonkey/deps/cpm_cache/openssl/94c9/crypto/engine/tb_rsa.c
../../../../../StarlingMonkey/deps/cpm_cache/openssl/94c9/crypto/engine/tb_dsa.c
../../../../../StarlingMonkey/deps/cpm_cache/openssl/94c9/providers/implementations/ciphers/cipher_aria.c
../../../../../StarlingMonkey/deps/cpm_cache/openssl/94c9/crypto/evp/e_aria.c
../../../../../StarlingMonkey/deps/cpm_cache/openssl/94c9/providers/implementations/ciphers/cipher_camellia.c
../../../../../StarlingMonkey/deps/cpm_cache/openssl/94c9/crypto/evp/e_camellia.c
../../../../../StarlingMonkey/deps/cpm_cache/openssl/94c9/providers/implementations/ciphers/cipher_idea.c
../../../../../StarlingMonkey/deps/cpm_cache/openssl/94c9/crypto/modes/ocb128.c
../../../../../StarlingMonkey/deps/cpm_cache/openssl/94c9/providers/implementations/ciphers/cipher_cast5.c
../../../../../StarlingMonkey/deps/cpm_cache/openssl/94c9/providers/implementations/ciphers/cipher_rc4_hmac_md5.c
../../../../../StarlingMonkey/deps/cpm_cache/openssl/94c9/providers/implementations/ciphers/cipher_chacha20_poly1305.c
../../../../../StarlingMonkey/deps/cpm_cache/openssl/94c9/crypto/evp/e_chacha20_poly1305.c
../../../../../StarlingMonkey/deps/cpm_cache/openssl/94c9/providers/implementations/ciphers/cipher_sm4.c
../../../../../StarlingMonkey/deps/cpm_cache/openssl/94c9/providers/implementations/ciphers/cipher_rc4.c
../../../../../StarlingMonkey/deps/cpm_cache/openssl/94c9/crypto/bn/bn_rsa_fips186_4.c
../../../../../StarlingMonkey/deps/cpm_cache/openssl/94c9/crypto/asn1/x_int64.c
../../../../../StarlingMonkey/deps/cpm_cache/openssl/94c9/crypto/evp/e_des3.c
../../../../../StarlingMonkey/deps/cpm_cache/openssl/94c9/crypto/asn1/p5_pbev2.c
../../../../../StarlingMonkey/deps/cpm_cache/openssl/94c9/crypto/evp/p5_crpt2.c
../../../../../StarlingMonkey/deps/cpm_cache/openssl/94c9/crypto/bn/bn_exp2.c
../../../../../StarlingMonkey/deps/cpm_cache/openssl/94c9/providers/implementations/kdfs/pbkdf2.c
../../../../../StarlingMonkey/deps/cpm_cache/openssl/94c9/providers/implementations/ciphers/cipher_rc2.c
../../../../../StarlingMonkey/deps/cpm_cache/openssl/94c9/crypto/evp/e_rc2.c
../../../../../StarlingMonkey/deps/cpm_cache/openssl/94c9/crypto/asn1/evp_asn1.c
../../../../../StarlingMonkey/deps/cpm_cache/openssl/94c9/crypto/dh/dh_asn1.c
../../../../../StarlingMonkey/deps/cpm_cache/openssl/94c9/crypto/ec/ec_asn1.c
../../../../../StarlingMonkey/deps/cpm_cache/openssl/94c9/crypto/rsa/rsa_pk1.c
../../../../../StarlingMonkey/deps/cpm_cache/openssl/94c9/providers/implementations/kdfs/pbkdf1.c
../../../../../StarlingMonkey/deps/cpm_cache/openssl/94c9/crypto/rsa/rsa_x931.c
../../../../../StarlingMonkey/deps/cpm_cache/openssl/94c9/providers/implementations/ciphers/cipher_chacha20.c
/home/runner/work/ComponentizeJS/ComponentizeJS/build-release/deps/OpenSSL
STARLINGMONKEY_CONFIG
/home/runner/work/ComponentizeJS/ComponentizeJS/build-release/deps/OpenSSL/libx32/engines-3
/home/runner/work/ComponentizeJS/ComponentizeJS/StarlingMonkey/crates/rust-multipart/src/trivia.rs
Multipart parse error/home/runner/work/ComponentizeJS/ComponentizeJS/StarlingMonkey/crates/rust-multipart/src/parser.rs
/home/runner/work/ComponentizeJS/ComponentizeJS/StarlingMonkey/crates/rust-url/src/lib.rs
ComponentizeJS
match-count=359
[stderr]

[exit 0]
