UTC: 2026-09-26T00:38:49.085627+00:00
Probe data source: compiles and executes the owned bridge against the frame WIT, committed fixture, and runtime; not only data it set itself.
$ git rev-parse HEAD
92911f59da6a75a7745a23ec05036d18116f68af

[exit=0]
$ rustc --version
rustc 1.98.1 (48a229cea 2026-09-01)

[exit=0]
$ cargo --version
cargo 1.98.1 (797e8a9bc 2026-08-05)

[exit=0]
$ wasmtime --version
[exec-error=ENOENT: wasmtime CLI is not installed]
[exit=127]
$ cargo build --locked --offline --release --manifest-path spikes/story-17-3a-wasm-recall/bridge/Cargo.toml
error: cannot update the lock file /home/lunarpulse/dev_ws/spikes/story-17-3a-wasm-recall/bridge/Cargo.lock because --locked was passed to prevent this
help: to generate the lock file without accessing the network, remove the --locked flag and use --offline instead.

[exit=101]
$ cargo build --offline --release --manifest-path spikes/story-17-3a-wasm-recall/bridge/Cargo.toml
   Compiling proc-macro2 v1.0.106
   Compiling quote v1.0.45
   Compiling unicode-ident v1.0.24
   Compiling serde_core v1.0.228
   Compiling libc v0.2.186
   Compiling serde v1.0.228
   Compiling anyhow v1.0.103
   Compiling libm v0.2.16
   Compiling cfg-if v1.0.4
   Compiling version_check v0.9.5
   Compiling foldhash v0.2.0
   Compiling bitflags v2.11.1
   Compiling shlex v1.3.0
   Compiling find-msvc-tools v0.1.9
   Compiling wasmtime-internal-core v46.0.3
   Compiling typenum v1.20.0
   Compiling memchr v2.8.0
   Compiling equivalent v1.0.2
   Compiling log v0.4.29
   Compiling target-lexicon v0.13.5
   Compiling rustix v1.1.4
   Compiling thiserror v2.0.18
   Compiling linux-raw-sys v0.12.1
   Compiling semver v1.0.28
   Compiling cranelift-srcgen v0.133.3
   Compiling zmij v1.0.21
   Compiling heck v0.5.0
   Compiling cpufeatures v0.2.17
   Compiling stable_deref_trait v1.2.1
   Compiling leb128fmt v0.1.0
   Compiling hashbrown v0.17.1
   Compiling serde_json v1.0.149
   Compiling allocator-api2 v0.2.21
   Compiling hashbrown v0.16.1
   Compiling fnv v1.0.7
   Compiling crc32fast v1.5.0
   Compiling once_cell v1.21.4
   Compiling cranelift-isle v0.133.3
   Compiling object v0.39.1
   Compiling cranelift-assembler-x64-meta v0.133.3
   Compiling cranelift-codegen-shared v0.133.3
   Compiling pkg-config v0.3.33
   Compiling rustc-hash v2.1.2
   Compiling generic-array v0.14.7
   Compiling cpp_demangle v0.4.5
   Compiling crossbeam-utils v0.8.22
   Compiling io-lifetimes v2.0.4
   Compiling arbitrary v1.4.2
   Compiling termcolor v1.4.1
   Compiling crossbeam-epoch v0.9.20
   Compiling rustc-demangle v0.1.27
   Compiling wasmtime-internal-component-util v46.0.3
   Compiling bumpalo v3.20.2
   Compiling itoa v1.0.18
   Compiling zstd-safe v7.2.4
   Compiling getrandom v0.4.2
   Compiling litemap v0.8.2
   Compiling pin-project-lite v0.2.17
   Compiling io-extras v0.18.4
   Compiling writeable v0.6.3
   Compiling rand_core v0.10.1
   Compiling wasm-encoder v0.252.0
   Compiling futures-core v0.3.32
   Compiling thiserror v1.0.69
   Compiling wasmtime-internal-unwinder v46.0.3
   Compiling icu_normalizer_data v2.2.0
   Compiling rayon-core v1.13.0
   Compiling futures-sink v0.3.32
   Compiling syn v2.0.117
   Compiling jobserver v0.1.34
   Compiling winnow v1.0.3
   Compiling unicode-width v0.2.2
   Compiling unicode-xid v0.2.6
   Compiling cap-primitives v3.4.6
   Compiling id-arena v2.3.0
   Compiling icu_properties_data v2.2.0
   Compiling either v1.15.0
   Compiling utf8_iter v1.0.4
   Compiling futures-channel v0.3.32
   Compiling fixedbitset v0.4.2
   Compiling cc v1.2.62
   Compiling leb128 v0.2.7
   Compiling toml_writer v1.1.1+spec-1.1.0
   Compiling winnow v0.7.15
   Compiling uuid v1.23.4
   Compiling maybe-owned v0.3.4
   Compiling futures-io v0.3.32
   Compiling ambient-authority v0.0.2
   Compiling wasmtime-internal-component-macro v46.0.3
   Compiling futures-task v0.3.32
   Compiling slab v0.4.12
   Compiling ipnet v2.12.0
   Compiling wasmtime-internal-cache v46.0.3
   Compiling wasmtime-internal-cranelift v46.0.3
   Compiling itertools v0.14.0
   Compiling wast v35.0.2
   Compiling toml_parser v1.1.2+spec-1.1.0
   Compiling dirs-sys-next v0.1.2
   Compiling futures-util v0.3.32
   Compiling rustc_version v0.4.1
   Compiling zerocopy v0.8.48
   Compiling debugid v0.8.0
   Compiling fastrand v2.4.1
   Compiling crossbeam-deque v0.8.6
   Compiling crypto-common v0.1.7
   Compiling block-buffer v0.10.4
   Compiling cranelift-control v0.133.3
   Compiling directories-next v2.0.0
   Compiling digest v0.10.7
   Compiling cap-std v3.4.6
   Compiling base64 v0.22.1
   Compiling gimli v0.33.0
   Compiling curve25519-dalek v4.1.3
   Compiling tracing-core v0.1.36
   Compiling encoding_rs v0.8.35
   Compiling wiggle-macro v46.0.3
   Compiling zeroize v1.8.2
   Compiling bytes v1.11.1
   Compiling cap-fs-ext v3.4.6
   Compiling getrandom v0.3.4
   Compiling sha2 v0.10.9
   Compiling percent-encoding v2.3.2
   Compiling cpufeatures v0.3.0
   Compiling subtle v2.6.1
   Compiling signature v2.2.0
   Compiling form_urlencoded v1.2.2
   Compiling chacha20 v0.10.0
   Compiling indexmap v2.14.0
   Compiling ed25519 v2.2.3
   Compiling mio v1.2.0
   Compiling socket2 v0.6.3
   Compiling wast v252.0.0
   Compiling iana-time-zone v0.1.65
   Compiling ciborium-io v0.2.2
   Compiling rand v0.10.1
   Compiling hex v0.4.3
   Compiling rayon v1.12.0
   Compiling toml_datetime v0.7.5+spec-1.1.0
   Compiling cranelift-assembler-x64 v0.133.3
   Compiling serde_spanned v1.1.1
   Compiling tokio v1.52.3
   Compiling zstd-sys v2.0.16+zstd.1.5.7
   Compiling ittapi-sys v0.4.0
   Compiling toml v0.9.12+spec-1.1.0
   Compiling petgraph v0.6.5
   Compiling ittapi v0.4.0
   Compiling synstructure v0.13.2
   Compiling futures v0.3.32
   Compiling serde_derive v1.0.228
   Compiling thiserror-impl v2.0.18
   Compiling zerofrom-derive v0.1.7
   Compiling pulley-macros v46.0.3
   Compiling yoke-derive v0.8.2
   Compiling wasmtime-internal-versioned-export-macros v46.0.3
   Compiling zerovec-derive v0.11.3
   Compiling displaydoc v0.2.5
   Compiling thiserror-impl v1.0.69
   Compiling async-trait v0.1.89
   Compiling tracing-attributes v0.1.31
   Compiling zerocopy-derive v0.8.48
   Compiling curve25519-dalek-derive v0.1.1
   Compiling wasmtime-internal-jit-debug v46.0.3
   Compiling wasmtime-internal-fiber v46.0.3
   Compiling wasmtime v46.0.3
   Compiling zerofrom v0.1.8
   Compiling yoke v0.8.2
   Compiling tracing v0.1.44
   Compiling witx v0.9.1
   Compiling zerovec v0.11.6
   Compiling zerotrie v0.2.4
   Compiling cobs v0.3.0
   Compiling maos-host v0.1.0-alpha.1 (/home/lunarpulse/dev_ws/crates/maos-host)
   Compiling tinystr v0.8.3
   Compiling potential_utf v0.1.5
   Compiling ed25519-dalek v2.2.0
   Compiling icu_collections v2.2.0
   Compiling icu_locale_core v2.2.0
   Compiling rustix-linux-procfs v0.1.1
   Compiling fs-set-times v0.20.3
   Compiling tempfile v3.27.0
   Compiling memfd v0.6.5
   Compiling cap-time-ext v3.4.6
   Compiling icu_provider v2.2.0
   Compiling wasmparser v0.251.0
   Compiling postcard v1.1.3
   Compiling smallvec v1.15.1
   Compiling icu_properties v2.2.0
   Compiling fxprof-processed-profile v0.8.1
   Compiling maos-spirit-abi v0.1.0-alpha.1 (/home/lunarpulse/dev_ws/crates/maos-spirit-abi)
   Compiling regalloc2 v0.15.1
   Compiling icu_normalizer v2.2.0
   Compiling cap-net-ext v3.4.6
   Compiling cranelift-bitset v0.133.3
   Compiling maos-domain v0.1.0-alpha.1 (/home/lunarpulse/dev_ws/crates/maos-domain)
   Compiling pulley-interpreter v46.0.3
   Compiling cranelift-entity v0.133.3
   Compiling wasmtime-internal-jit-icache-coherence v46.0.3
   Compiling addr2line v0.26.1
   Compiling cranelift-bforest v0.133.3
   Compiling idna_adapter v1.2.2
   Compiling idna v1.1.0
   Compiling wat v1.252.0
   Compiling url v2.5.8
   Compiling cranelift-codegen-meta v0.133.3
   Compiling half v2.7.1
   Compiling ciborium-ll v0.2.2
   Compiling ciborium v0.2.2
   Compiling cranelift-codegen v0.133.3
warning: use of `async fn` in public traits is discouraged as auto trait bounds cannot be specified
  --> /home/lunarpulse/dev_ws/crates/maos-domain/src/ports/iac_bus.rs:44:5
   |
44 |     async fn deliver(&self, frame: IacFrame) -> Result<LogBeforeDeliver<()>, IacBusError>;
   |     ^^^^^
   |
   = note: you can suppress this lint if you plan to use the trait only in your own code, or do not care about auto traits like `Send` on the `Future`
   = note: `#[warn(async_fn_in_trait)]` on by default
help: you can alternatively desugar to a normal `fn` that returns `impl Future` and add any desired bounds such as `Send`, but these cannot be relaxed without a breaking API change
   |
44 -     async fn deliver(&self, frame: IacFrame) -> Result<LogBeforeDeliver<()>, IacBusError>;
44 +     fn deliver(&self, frame: IacFrame) -> impl std::future::Future<Output = Result<LogBeforeDeliver<()>, IacBusError>> + Send;
   |

warning: use of `async fn` in public traits is discouraged as auto trait bounds cannot be specified
  --> /home/lunarpulse/dev_ws/crates/maos-domain/src/ports/iac_bus.rs:58:5
   |
58 |     async fn retract(
   |     ^^^^^
   |
   = note: you can suppress this lint if you plan to use the trait only in your own code, or do not care about auto traits like `Send` on the `Future`
help: you can alternatively desugar to a normal `fn` that returns `impl Future` and add any desired bounds such as `Send`, but these cannot be relaxed without a breaking API change
   |
58 ~     fn retract(
59 |         &self,
...
62 |         retracting_spirit: &SpiritId,
63 ~     ) -> impl std::future::Future<Output = Result<RetractOutcome, IacBusError>> + Send;
   |

   Compiling wit-parser v0.251.0
   Compiling wasmtime-environ v46.0.3
   Compiling wasm-encoder v0.251.0
   Compiling wasmprinter v0.251.0
warning: `maos-domain` (lib) generated 2 warnings
   Compiling zstd v0.13.3
   Compiling wasm-compose v0.251.0
   Compiling wasmtime-internal-wit-bindgen v46.0.3
   Compiling wiggle-generate v46.0.3
   Compiling cranelift-native v0.133.3
   Compiling cranelift-frontend v0.133.3
   Compiling wiggle v46.0.3
   Compiling wasmtime-wasi-io v46.0.3
   Compiling wasmtime-wasi v46.0.3
   Compiling maos-wasm-host v0.1.0-alpha.1 (/home/lunarpulse/dev_ws/crates/maos-wasm-host)
   Compiling story-17-3a-frame-bridge-spike v0.0.0 (/home/lunarpulse/dev_ws/spikes/story-17-3a-wasm-recall/bridge)
warning: variants `UnknownFrameKind` and `PayloadKindMismatch` are never constructed
  --> src/bridge.rs.txt:23:5
   |
15 | pub enum BridgeError {
   |          ----------- variants in this enum
...
23 |     UnknownFrameKind,
   |     ^^^^^^^^^^^^^^^^
24 |     PayloadKindMismatch,
   |     ^^^^^^^^^^^^^^^^^^^
   |
   = note: `BridgeError` has a derived impl for the trait `Debug`, but this is intentionally ignored during dead code analysis
   = note: `#[warn(dead_code)]` (part of `#[warn(unused)]`) on by default

warning: `story-17-3a-frame-bridge-spike` (bin "frame-bridge-probe") generated 1 warning
    Finished `release` profile [optimized] target(s) in 54.69s

[exit=0]
$ cargo run --offline --release --manifest-path spikes/story-17-3a-wasm-recall/bridge/Cargo.toml --bin frame-bridge-probe
warning: use of `async fn` in public traits is discouraged as auto trait bounds cannot be specified
  --> /home/lunarpulse/dev_ws/crates/maos-domain/src/ports/iac_bus.rs:44:5
   |
44 |     async fn deliver(&self, frame: IacFrame) -> Result<LogBeforeDeliver<()>, IacBusError>;
   |     ^^^^^
   |
   = note: you can suppress this lint if you plan to use the trait only in your own code, or do not care about auto traits like `Send` on the `Future`
   = note: `#[warn(async_fn_in_trait)]` on by default
help: you can alternatively desugar to a normal `fn` that returns `impl Future` and add any desired bounds such as `Send`, but these cannot be relaxed without a breaking API change
   |
44 -     async fn deliver(&self, frame: IacFrame) -> Result<LogBeforeDeliver<()>, IacBusError>;
44 +     fn deliver(&self, frame: IacFrame) -> impl std::future::Future<Output = Result<LogBeforeDeliver<()>, IacBusError>> + Send;
   |

warning: use of `async fn` in public traits is discouraged as auto trait bounds cannot be specified
  --> /home/lunarpulse/dev_ws/crates/maos-domain/src/ports/iac_bus.rs:58:5
   |
58 |     async fn retract(
   |     ^^^^^
   |
   = note: you can suppress this lint if you plan to use the trait only in your own code, or do not care about auto traits like `Send` on the `Future`
help: you can alternatively desugar to a normal `fn` that returns `impl Future` and add any desired bounds such as `Send`, but these cannot be relaxed without a breaking API change
   |
58 ~     fn retract(
59 |         &self,
...
62 |         retracting_spirit: &SpiritId,
63 ~     ) -> impl std::future::Future<Output = Result<RetractOutcome, IacBusError>> + Send;
   |

warning: `maos-domain` (lib) generated 2 warnings
warning: variants `UnknownFrameKind` and `PayloadKindMismatch` are never constructed
  --> src/bridge.rs.txt:23:5
   |
15 | pub enum BridgeError {
   |          ----------- variants in this enum
...
23 |     UnknownFrameKind,
   |     ^^^^^^^^^^^^^^^^
24 |     PayloadKindMismatch,
   |     ^^^^^^^^^^^^^^^^^^^
   |
   = note: `BridgeError` has a derived impl for the trait `Debug`, but this is intentionally ignored during dead code analysis
   = note: `#[warn(dead_code)]` (part of `#[warn(unused)]`) on by default

warning: `story-17-3a-frame-bridge-spike` (bin "frame-bridge-probe") generated 1 warning
    Finished `release` profile [optimized] target(s) in 0.21s
     Running `spikes/story-17-3a-wasm-recall/bridge/target/release/frame-bridge-probe`
extended_cbor_equal=true bytes=1025
head_control_cbor_equal=false head_bytes=476
head_control_defaults=readonly/none/empty-lineage/empty-scope
Error: "failed to read from `../../../tests/fixtures/wasm/echo_spirit_component.wasm`"

[exit=1]
$ cargo run --offline --release --manifest-path spikes/story-17-3a-wasm-recall/bridge/Cargo.toml --bin frame-bridge-probe
warning: use of `async fn` in public traits is discouraged as auto trait bounds cannot be specified
  --> /home/lunarpulse/dev_ws/crates/maos-domain/src/ports/iac_bus.rs:44:5
   |
44 |     async fn deliver(&self, frame: IacFrame) -> Result<LogBeforeDeliver<()>, IacBusError>;
   |     ^^^^^
   |
   = note: you can suppress this lint if you plan to use the trait only in your own code, or do not care about auto traits like `Send` on the `Future`
   = note: `#[warn(async_fn_in_trait)]` on by default
help: you can alternatively desugar to a normal `fn` that returns `impl Future` and add any desired bounds such as `Send`, but these cannot be relaxed without a breaking API change
   |
44 -     async fn deliver(&self, frame: IacFrame) -> Result<LogBeforeDeliver<()>, IacBusError>;
44 +     fn deliver(&self, frame: IacFrame) -> impl std::future::Future<Output = Result<LogBeforeDeliver<()>, IacBusError>> + Send;
   |

warning: use of `async fn` in public traits is discouraged as auto trait bounds cannot be specified
  --> /home/lunarpulse/dev_ws/crates/maos-domain/src/ports/iac_bus.rs:58:5
   |
58 |     async fn retract(
   |     ^^^^^
   |
   = note: you can suppress this lint if you plan to use the trait only in your own code, or do not care about auto traits like `Send` on the `Future`
help: you can alternatively desugar to a normal `fn` that returns `impl Future` and add any desired bounds such as `Send`, but these cannot be relaxed without a breaking API change
   |
58 ~     fn retract(
59 |         &self,
...
62 |         retracting_spirit: &SpiritId,
63 ~     ) -> impl std::future::Future<Output = Result<RetractOutcome, IacBusError>> + Send;
   |

warning: `maos-domain` (lib) generated 2 warnings
   Compiling story-17-3a-frame-bridge-spike v0.0.0 (/home/lunarpulse/dev_ws/spikes/story-17-3a-wasm-recall/bridge)
warning: variants `UnknownFrameKind` and `PayloadKindMismatch` are never constructed
  --> src/bridge.rs.txt:23:5
   |
15 | pub enum BridgeError {
   |          ----------- variants in this enum
...
23 |     UnknownFrameKind,
   |     ^^^^^^^^^^^^^^^^
24 |     PayloadKindMismatch,
   |     ^^^^^^^^^^^^^^^^^^^
   |
   = note: `BridgeError` has a derived impl for the trait `Debug`, but this is intentionally ignored during dead code analysis
   = note: `#[warn(dead_code)]` (part of `#[warn(unused)]`) on by default

warning: `story-17-3a-frame-bridge-spike` (bin "frame-bridge-probe") generated 1 warning
    Finished `release` profile [optimized] target(s) in 1.11s
     Running `spikes/story-17-3a-wasm-recall/bridge/target/release/frame-bridge-probe`
extended_cbor_equal=true bytes=1025
head_control_cbor_equal=false head_bytes=476
head_control_defaults=readonly/none/empty-lineage/empty-scope
frame_growth_skew=type-mismatch
frame_growth_error=component imports instance `wasi:io/poll@0.2.6`, but a matching implementation was not found in the linker

[exit=0]
$ cargo run --offline --release --manifest-path spikes/story-17-3a-wasm-recall/bridge/Cargo.toml --bin frame-bridge-probe
warning: use of `async fn` in public traits is discouraged as auto trait bounds cannot be specified
  --> /home/lunarpulse/dev_ws/crates/maos-domain/src/ports/iac_bus.rs:44:5
   |
44 |     async fn deliver(&self, frame: IacFrame) -> Result<LogBeforeDeliver<()>, IacBusError>;
   |     ^^^^^
   |
   = note: you can suppress this lint if you plan to use the trait only in your own code, or do not care about auto traits like `Send` on the `Future`
   = note: `#[warn(async_fn_in_trait)]` on by default
help: you can alternatively desugar to a normal `fn` that returns `impl Future` and add any desired bounds such as `Send`, but these cannot be relaxed without a breaking API change
   |
44 -     async fn deliver(&self, frame: IacFrame) -> Result<LogBeforeDeliver<()>, IacBusError>;
44 +     fn deliver(&self, frame: IacFrame) -> impl std::future::Future<Output = Result<LogBeforeDeliver<()>, IacBusError>> + Send;
   |

warning: use of `async fn` in public traits is discouraged as auto trait bounds cannot be specified
  --> /home/lunarpulse/dev_ws/crates/maos-domain/src/ports/iac_bus.rs:58:5
   |
58 |     async fn retract(
   |     ^^^^^
   |
   = note: you can suppress this lint if you plan to use the trait only in your own code, or do not care about auto traits like `Send` on the `Future`
help: you can alternatively desugar to a normal `fn` that returns `impl Future` and add any desired bounds such as `Send`, but these cannot be relaxed without a breaking API change
   |
58 ~     fn retract(
59 |         &self,
...
62 |         retracting_spirit: &SpiritId,
63 ~     ) -> impl std::future::Future<Output = Result<RetractOutcome, IacBusError>> + Send;
   |

warning: `maos-domain` (lib) generated 2 warnings
   Compiling story-17-3a-frame-bridge-spike v0.0.0 (/home/lunarpulse/dev_ws/spikes/story-17-3a-wasm-recall/bridge)
warning: variants `UnknownFrameKind` and `PayloadKindMismatch` are never constructed
  --> src/bridge.rs.txt:23:5
   |
15 | pub enum BridgeError {
   |          ----------- variants in this enum
...
23 |     UnknownFrameKind,
   |     ^^^^^^^^^^^^^^^^
24 |     PayloadKindMismatch,
   |     ^^^^^^^^^^^^^^^^^^^
   |
   = note: `BridgeError` has a derived impl for the trait `Debug`, but this is intentionally ignored during dead code analysis
   = note: `#[warn(dead_code)]` (part of `#[warn(unused)]`) on by default

warning: `story-17-3a-frame-bridge-spike` (bin "frame-bridge-probe") generated 1 warning
    Finished `release` profile [optimized] target(s) in 5.82s
     Running `spikes/story-17-3a-wasm-recall/bridge/target/release/frame-bridge-probe`
extended_cbor_equal=true bytes=1025
head_control_cbor_equal=false head_bytes=476
head_control_defaults=readonly/none/empty-lineage/empty-scope
Error: "expected frame-record type mismatch after satisfying WASI imports; got: type-checking export func `handle-frame`"

[exit=1]
$ cargo run --offline --release --manifest-path spikes/story-17-3a-wasm-recall/bridge/Cargo.toml --bin frame-bridge-probe
warning: use of `async fn` in public traits is discouraged as auto trait bounds cannot be specified
  --> /home/lunarpulse/dev_ws/crates/maos-domain/src/ports/iac_bus.rs:44:5
   |
44 |     async fn deliver(&self, frame: IacFrame) -> Result<LogBeforeDeliver<()>, IacBusError>;
   |     ^^^^^
   |
   = note: you can suppress this lint if you plan to use the trait only in your own code, or do not care about auto traits like `Send` on the `Future`
   = note: `#[warn(async_fn_in_trait)]` on by default
help: you can alternatively desugar to a normal `fn` that returns `impl Future` and add any desired bounds such as `Send`, but these cannot be relaxed without a breaking API change
   |
44 -     async fn deliver(&self, frame: IacFrame) -> Result<LogBeforeDeliver<()>, IacBusError>;
44 +     fn deliver(&self, frame: IacFrame) -> impl std::future::Future<Output = Result<LogBeforeDeliver<()>, IacBusError>> + Send;
   |

warning: use of `async fn` in public traits is discouraged as auto trait bounds cannot be specified
  --> /home/lunarpulse/dev_ws/crates/maos-domain/src/ports/iac_bus.rs:58:5
   |
58 |     async fn retract(
   |     ^^^^^
   |
   = note: you can suppress this lint if you plan to use the trait only in your own code, or do not care about auto traits like `Send` on the `Future`
help: you can alternatively desugar to a normal `fn` that returns `impl Future` and add any desired bounds such as `Send`, but these cannot be relaxed without a breaking API change
   |
58 ~     fn retract(
59 |         &self,
...
62 |         retracting_spirit: &SpiritId,
63 ~     ) -> impl std::future::Future<Output = Result<RetractOutcome, IacBusError>> + Send;
   |

warning: `maos-domain` (lib) generated 2 warnings
   Compiling story-17-3a-frame-bridge-spike v0.0.0 (/home/lunarpulse/dev_ws/spikes/story-17-3a-wasm-recall/bridge)
warning: variants `UnknownFrameKind` and `PayloadKindMismatch` are never constructed
  --> src/bridge.rs.txt:23:5
   |
15 | pub enum BridgeError {
   |          ----------- variants in this enum
...
23 |     UnknownFrameKind,
   |     ^^^^^^^^^^^^^^^^
24 |     PayloadKindMismatch,
   |     ^^^^^^^^^^^^^^^^^^^
   |
   = note: `BridgeError` has a derived impl for the trait `Debug`, but this is intentionally ignored during dead code analysis
   = note: `#[warn(dead_code)]` (part of `#[warn(unused)]`) on by default

warning: `story-17-3a-frame-bridge-spike` (bin "frame-bridge-probe") generated 1 warning
    Finished `release` profile [optimized] target(s) in 5.79s
     Running `spikes/story-17-3a-wasm-recall/bridge/target/release/frame-bridge-probe`
extended_cbor_equal=true bytes=1025
head_control_cbor_equal=false head_bytes=476
head_control_defaults=readonly/none/empty-lineage/empty-scope
Error: "expected frame-record type mismatch after satisfying WASI imports; got: type-checking export func `handle-frame`\n\nCaused by:\n    expected record of 11 fields, found 8 fields\n"

[exit=1]
$ cargo run --offline --release --manifest-path spikes/story-17-3a-wasm-recall/bridge/Cargo.toml --bin frame-bridge-probe
warning: use of `async fn` in public traits is discouraged as auto trait bounds cannot be specified
  --> /home/lunarpulse/dev_ws/crates/maos-domain/src/ports/iac_bus.rs:44:5
   |
44 |     async fn deliver(&self, frame: IacFrame) -> Result<LogBeforeDeliver<()>, IacBusError>;
   |     ^^^^^
   |
   = note: you can suppress this lint if you plan to use the trait only in your own code, or do not care about auto traits like `Send` on the `Future`
   = note: `#[warn(async_fn_in_trait)]` on by default
help: you can alternatively desugar to a normal `fn` that returns `impl Future` and add any desired bounds such as `Send`, but these cannot be relaxed without a breaking API change
   |
44 -     async fn deliver(&self, frame: IacFrame) -> Result<LogBeforeDeliver<()>, IacBusError>;
44 +     fn deliver(&self, frame: IacFrame) -> impl std::future::Future<Output = Result<LogBeforeDeliver<()>, IacBusError>> + Send;
   |

warning: use of `async fn` in public traits is discouraged as auto trait bounds cannot be specified
  --> /home/lunarpulse/dev_ws/crates/maos-domain/src/ports/iac_bus.rs:58:5
   |
58 |     async fn retract(
   |     ^^^^^
   |
   = note: you can suppress this lint if you plan to use the trait only in your own code, or do not care about auto traits like `Send` on the `Future`
help: you can alternatively desugar to a normal `fn` that returns `impl Future` and add any desired bounds such as `Send`, but these cannot be relaxed without a breaking API change
   |
58 ~     fn retract(
59 |         &self,
...
62 |         retracting_spirit: &SpiritId,
63 ~     ) -> impl std::future::Future<Output = Result<RetractOutcome, IacBusError>> + Send;
   |

warning: `maos-domain` (lib) generated 2 warnings
   Compiling story-17-3a-frame-bridge-spike v0.0.0 (/home/lunarpulse/dev_ws/spikes/story-17-3a-wasm-recall/bridge)
warning: variants `UnknownFrameKind` and `PayloadKindMismatch` are never constructed
  --> src/bridge.rs.txt:23:5
   |
15 | pub enum BridgeError {
   |          ----------- variants in this enum
...
23 |     UnknownFrameKind,
   |     ^^^^^^^^^^^^^^^^
24 |     PayloadKindMismatch,
   |     ^^^^^^^^^^^^^^^^^^^
   |
   = note: `BridgeError` has a derived impl for the trait `Debug`, but this is intentionally ignored during dead code analysis
   = note: `#[warn(dead_code)]` (part of `#[warn(unused)]`) on by default

warning: `story-17-3a-frame-bridge-spike` (bin "frame-bridge-probe") generated 1 warning
    Finished `release` profile [optimized] target(s) in 5.81s
     Running `spikes/story-17-3a-wasm-recall/bridge/target/release/frame-bridge-probe`
extended_cbor_equal=true bytes=1025
head_control_cbor_equal=false head_bytes=476
head_control_defaults=readonly/none/empty-lineage/empty-scope
frame_growth_skew=type-mismatch
frame_growth_error=type-checking export func `handle-frame`

Caused by:
    expected record of 11 fields, found 8 fields


[exit=0]
