UTC 2026-09-26T00:54:27Z
+ git rev-parse HEAD
92911f59da6a75a7745a23ec05036d18116f68af
PROBE_INPUTS tree/runtime: real spike-runner, Rust recall guest, recall-service, socket path, and seeded log frames; not only probe-created state.
+ mkfifo /tmp/tmp.qiNV8CgJ5N/runner.stdin
+ t2-ladder --landlock rights --execute-loader --seccomp off --read guest --stdin fifo --pid-out pid -- spike-runner --component guest --recall-socket socket
RUNNER_PID=3310505
+ timeout 15s recall-service --socket /tmp/tmp.qiNV8CgJ5N/recall.sock --caller-pid 3310505 --seed-pids 3310505,424242 --ids-out /tmp/tmp.qiNV8CgJ5N/ids.json --one-shot
SEED_FRAME_ID=01a0db34d3e430a926c0e6355337a2b6
+ frame-driver encode --data 01a0db34d3e430a926c0e6355337a2b6 >&3
LADDER_RC=0 SERVICE_RC=0
+ frame-driver decode < extracted ladder output
{"frame_id":[0,0,0,0,0,0,0,0,0,0,0,0,0,0,0,0],"timestamp_ns":1700300000000000000,"logical_clock":0,"from":{"spirit_id":"spike-frame-driver","host_id":null,"role":null},"to":[],"kind":"TelemetryEvent","intent":"Readonly","payload":{"TelemetryEvent":{"event_type":"recall-result","data":"{\"recall\":\"ok\",\"recall_entries\":1,\"fetch\":\"ok\",\"recall_ns\":250087,\"fetch_ns\":64881}"}},"auto_marker":"HumanAuthored","consent_envelope":null,"intent_lineage":[]}
+ cat service stdout and stderr
READY socket=/tmp/tmp.qiNV8CgJ5N/recall.sock caller-pid=3310505 peer-pid-check=true one-shot=true
recall-service: one-shot-unlinked=/tmp/tmp.qiNV8CgJ5N/recall.sock
recall-service: caller-pid=3310505 capability-invocation-audit-count=1
recall-service: caller-pid=3310505 capability-invocation-audit-count=2
recall-service: one-shot-idle-timeout
+ cat ladder stderr and RESULT
recall-import-boundary-ns=227015
fetch-import-boundary-ns=56285
RESULT rc=0 sig=none errno=none
