UTC 2026-09-26T01:46:05Z
+ git rev-parse HEAD
a388fe625f81997a9617e2ce257b31274beaf202
PROBE_INPUTS tree/runtime: real spike-runner, Rust recall guest, connected AF_UNIX socketpair, recall-service, candidate seccomp filter, and seeded log frames; not only probe-created state.
+ env T2_SECCOMP=candidate T2_SECCOMP_ORDER=kill-first T2_RUNNER_EXTRAS=rust-start,clone3,memfd_create python3 spikes/story-17-3a-wasm-recall/t2-ladder/relay_fd.py
UTC 2026-09-26T01:46:05Z
+ git rev-parse HEAD
a388fe625f81997a9617e2ce257b31274beaf202
PROBE_INPUTS tree/runtime: real spike-runner, Rust recall guest, connected AF_UNIX socketpair, recall-service, and seeded log frames; not only probe-created state.
+ /home/lunarpulse/dev_ws/target/debug/t2-ladder --landlock rights --execute-loader --seccomp candidate --seccomp-order kill-first --extra rust-start,clone3,memfd_create --read /home/lunarpulse/dev_ws/target/wasm32-wasip2/release/story_17_3a_recall_guest.wasm --stdin /proc/self/fd/3 --inherit-fd 6 --pid-out /tmp/maos-q4b-fd-1j9r3pxr/runner.pid -- /home/lunarpulse/dev_ws/target/release/spike-runner --component /home/lunarpulse/dev_ws/target/wasm32-wasip2/release/story_17_3a_recall_guest.wasm --recall-fd 6
+ /home/lunarpulse/dev_ws/target/release/recall-service --fd 7 --caller-pid 3395900 --seed-pids 3395900,424242 --ids-out /tmp/maos-q4b-fd-1j9r3pxr/ids.json
SEED_FRAME_ID=01a0db641a41a6b4c3b80a8988fdcd23
+ /home/lunarpulse/dev_ws/target/release/frame-driver encode --data 01a0db641a41a6b4c3b80a8988fdcd23 > runner stdin
LADDER_RC=0 SERVICE_RC=0
+ frame-driver decode < inherited-fd runner output
{"frame_id":[0,0,0,0,0,0,0,0,0,0,0,0,0,0,0,0],"timestamp_ns":1700300000000000000,"logical_clock":0,"from":{"spirit_id":"spike-frame-driver","host_id":null,"role":null},"to":[],"kind":"TelemetryEvent","intent":"Readonly","payload":{"TelemetryEvent":{"event_type":"recall-result","data":"{\"recall\":\"error\",\"recall_entries\":0,\"fetch\":\"error\",\"recall_ns\":33803,\"fetch_ns\":9217}"}},"auto_marker":"HumanAuthored","consent_envelope":null,"intent_lineage":[]}
frame-driver: decoded-frames=1
+ cat service stdout and stderr
READY fd=7 caller-pid=3395900 binding=inherited-descriptor
+ cat ladder stderr and RESULT
SECCOMP_INSTALL=ok
recall-import-boundary-ns=11662
fetch-import-boundary-ns=1553
RESULT rc=0 sig=none errno=none
