UTC 2026-09-26T00:51:00Z
+ git rev-parse HEAD
92911f59da6a75a7745a23ec05036d18116f68af
PROBE_INPUTS tree/runtime: real spike-runner precompile output, Rust recall guest, connected AF_UNIX socketpair, recall-service, and seeded log frames; not only probe-created state.
+ target/release/spike-runner precompile --component target/wasm32-wasip2/release/story_17_3a_recall_guest.wasm --out /tmp/tmp.8zUJ6Hcysa/recall.cwasm
+ SPIKE_PRECOMPILED=/tmp/tmp.8zUJ6Hcysa/recall.cwasm python3 spikes/story-17-3a-wasm-recall/t2-ladder/relay_fd.py
UTC 2026-09-26T00:51:00Z
+ git rev-parse HEAD
92911f59da6a75a7745a23ec05036d18116f68af
PROBE_INPUTS tree/runtime: real spike-runner, Rust recall guest, connected AF_UNIX socketpair, recall-service, and seeded log frames; not only probe-created state.
+ /home/lunarpulse/dev_ws/target/debug/t2-ladder --landlock rights --execute-loader --seccomp off --read /home/lunarpulse/dev_ws/target/wasm32-wasip2/release/story_17_3a_recall_guest.wasm --read /tmp/tmp.8zUJ6Hcysa/recall.cwasm --stdin /proc/self/fd/3 --inherit-fd 5 --pid-out /tmp/maos-q4b-fd-vkpu66q1/runner.pid -- /home/lunarpulse/dev_ws/target/release/spike-runner --component /home/lunarpulse/dev_ws/target/wasm32-wasip2/release/story_17_3a_recall_guest.wasm --recall-fd 5 --precompiled /tmp/tmp.8zUJ6Hcysa/recall.cwasm
+ /home/lunarpulse/dev_ws/target/release/recall-service --fd 6 --caller-pid 3294969 --seed-pids 3294969,424242 --ids-out /tmp/maos-q4b-fd-vkpu66q1/ids.json
SEED_FRAME_ID=01a0db31abbe7502efdd2f5ef58bca87
+ /home/lunarpulse/dev_ws/target/release/frame-driver encode --data 01a0db31abbe7502efdd2f5ef58bca87 > runner stdin
LADDER_RC=0 SERVICE_RC=0
+ frame-driver decode < inherited-fd runner output
{"frame_id":[0,0,0,0,0,0,0,0,0,0,0,0,0,0,0,0],"timestamp_ns":1700300000000000000,"logical_clock":0,"from":{"spirit_id":"spike-frame-driver","host_id":null,"role":null},"to":[],"kind":"TelemetryEvent","intent":"Readonly","payload":{"TelemetryEvent":{"event_type":"recall-result","data":"{\"recall\":\"ok\",\"recall_entries\":1,\"fetch\":\"ok\",\"recall_ns\":220462,\"fetch_ns\":84448}"}},"auto_marker":"HumanAuthored","consent_envelope":null,"intent_lineage":[]}
frame-driver: decoded-frames=1
+ cat service stdout and stderr
READY fd=6 caller-pid=3294969 binding=inherited-descriptor
recall-service: caller-pid=3294969 capability-invocation-audit-count=1
recall-service: caller-pid=3294969 capability-invocation-audit-count=2
+ cat ladder stderr and RESULT
recall-import-boundary-ns=193942
fetch-import-boundary-ns=75631
RESULT rc=0 sig=none errno=none
