UTC 2026-09-26T00:43:55.048490+00:00
git rev-parse HEAD
92911f59da6a75a7745a23ec05036d18116f68af
$ cargo build --locked -p maos-wasm-host --bin maos-wasm-runner && mkdir -p /tmp/17-3a-q5 && cp target/debug/maos-wasm-runner /tmp/17-3a-q5/maos-wasm-runner-HEAD && sha256sum /tmp/17-3a-q5/maos-wasm-runner-HEAD
warning: use of `async fn` in public traits is discouraged as auto trait bounds cannot be specified
  --> crates/maos-domain/src/ports/iac_bus.rs:44:5
   |
44 |     async fn deliver(&self, frame: IacFrame) -> Result<LogBeforeDeliver<()>, IacBusError>;
   |     ^^^^^
   |
   = note: you can suppress this lint if you plan to use the trait only in your own code, or do not care about auto traits like `Send` on the `Future`
   = note: `#[warn(async_fn_in_trait)]` on by default
help: you can alternatively desugar to a normal `fn` that returns `impl Future` and add any desired bounds such as `Send`, but these cannot be relaxed without a breaking API change
   |
44 -     async fn deliver(&self, frame: IacFrame) -> Result<LogBeforeDeliver<()>, IacBusError>;
44 +     fn deliver(&self, frame: IacFrame) -> impl std::future::Future<Output = Result<LogBeforeDeliver<()>, IacBusError>> + Send;
   |

warning: use of `async fn` in public traits is discouraged as auto trait bounds cannot be specified
  --> crates/maos-domain/src/ports/iac_bus.rs:58:5
   |
58 |     async fn retract(
   |     ^^^^^
   |
   = note: you can suppress this lint if you plan to use the trait only in your own code, or do not care about auto traits like `Send` on the `Future`
help: you can alternatively desugar to a normal `fn` that returns `impl Future` and add any desired bounds such as `Send`, but these cannot be relaxed without a breaking API change
   |
58 ~     fn retract(
59 |         &self,
...
62 |         retracting_spirit: &SpiritId,
63 ~     ) -> impl std::future::Future<Output = Result<RetractOutcome, IacBusError>> + Send;
   |

warning: `maos-domain` (lib) generated 2 warnings
    Finished `dev` profile [unoptimized + debuginfo] target(s) in 0.16s
cf3a4e044936be23b06401e472c3a2908bceb6f4cebcc25fb052edbc97142057  /tmp/17-3a-q5/maos-wasm-runner-HEAD
$ /tmp/17-3a-q5/maos-wasm-runner-HEAD --component target/wasm32-wasip2/release/story_17_3a_recall_guest.wasm < /dev/null
maos-wasm-runner: InvalidComponent: component does not conform to maos:spirit@1.0 (instantiate failed): component imports instance `maos:spirit/recall@1.1.0`, but a matching implementation was not found in the linker

[exit=3]
E15-A6: this probe reads a freshly rebuilt and SHA-recorded HEAD runner plus an independently built @1.1 recall component; it does not manufacture their interface mismatch.
