# 17-3a T0 re-run — 2026-09-26T00:12:02Z — HEAD 92911f59da6a75a7745a23ec05036d18116f68af
kernel: 7.2.6-1-cachyos
NoNewPrivs:	0
Seccomp:	2
landlock LSM active: unknown

## build



## P19 — seccomp EPERM emulated by LD_PRELOAD (poll / signal)
hello: baseline rc=0 | shim control rc=0 | P19_POLL rc=134 [] | P19_SIGNAL rc=134 [fatal runtime error: assertion failed: signal(libc::SIGPIPE, handler) != libc::SIG_ERR, aborting ]
probe: baseline rc=0 | shim control rc=0 | P19_POLL rc=134 [] | P19_SIGNAL rc=134 [fatal runtime error: assertion failed: signal(libc::SIGPIPE, handler) != libc::SIG_ERR, aborting ]
runner: baseline rc=0 | shim control rc=0 | P19_POLL rc=134 [] | P19_SIGNAL rc=134 [fatal runtime error: assertion failed: signal(libc::SIGPIPE, handler) != libc::SIG_ERR, aborting ]

## P21 — kernel T2 Landlock ruleset (verbatim), restrict_self in pre_exec
target: /bin/true
[control: no landlock] spawned; status=exit status: 0
[exact kernel T2 ruleset, empty scopes (t2_spec)] spawn Err: kind=PermissionDenied raw_os_error=Some(13) (Permission denied (os error 13))
[kernel ruleset + FsRead scope on /usr (what an FsRead grant adds)] spawn Err: kind=PermissionDenied raw_os_error=Some(13) (Permission denied (os error 13))
[same + Execute|ReadFile|ReadDir on / (positive control)] spawned; status=exit status: 0
target: /tmp/17-3a-t0/hello
reached main
[control: no landlock] spawned; status=exit status: 0
[exact kernel T2 ruleset, empty scopes (t2_spec)] spawn Err: kind=PermissionDenied raw_os_error=Some(13) (Permission denied (os error 13))
[kernel ruleset + FsRead scope on /usr (what an FsRead grant adds)] spawn Err: kind=PermissionDenied raw_os_error=Some(13) (Permission denied (os error 13))
reached main
[same + Execute|ReadFile|ReadDir on / (positive control)] spawned; status=exit status: 0
target: /home/lunarpulse/dev_ws/crates/maos-wasm-host/test-fixtures/forbidden-syscall-probe/target/release/forbidden-syscall-probe
forbidden-syscall-probe: ptrace returned 0 — T2 did NOT block this syscall
[control: no landlock] spawned; status=exit status: 0
[exact kernel T2 ruleset, empty scopes (t2_spec)] spawn Err: kind=PermissionDenied raw_os_error=Some(13) (Permission denied (os error 13))
[kernel ruleset + FsRead scope on /usr (what an FsRead grant adds)] spawn Err: kind=PermissionDenied raw_os_error=Some(13) (Permission denied (os error 13))
forbidden-syscall-probe: ptrace returned 0 — T2 did NOT block this syscall
[same + Execute|ReadFile|ReadDir on / (positive control)] spawned; status=exit status: 0
target: /home/lunarpulse/dev_ws/target/debug/maos-wasm-runner
maos-wasm-runner: --component is required
[control: no landlock] spawned; status=exit status: 1
[exact kernel T2 ruleset, empty scopes (t2_spec)] spawn Err: kind=PermissionDenied raw_os_error=Some(13) (Permission denied (os error 13))
[kernel ruleset + FsRead scope on /usr (what an FsRead grant adds)] spawn Err: kind=PermissionDenied raw_os_error=Some(13) (Permission denied (os error 13))
maos-wasm-runner: --component is required
[same + Execute|ReadFile|ReadDir on / (positive control)] spawned; status=exit status: 1
